EN stop_mem_control_gen NULL /home/ameya/Desktop/Indi_Research/Firmware/stop_mem_control_gen.vhd sub00/vhpl12 1480136111
EN stoplatch_sch_muser_stop_gen_block NULL /home/ameya/Desktop/Indi_Research/Firmware/stop_gen_block.vhf sub00/vhpl50 1480136149
EN demux NULL /home/ameya/Desktop/Indi_Research/Firmware/demux.vhd sub00/vhpl02 1480136101
AR trigger_ch_muser_firmware_top behavioral /home/ameya/Desktop/Indi_Research/Firmware/Firmware_Top.vhf sub00/vhpl37 1480136136
AR top_psi_trigg behavioral /home/ameya/Desktop/Indi_Research/Firmware/top_psi_trigg.vhd sub00/vhpl23 1480136122
EN majority_sys_muser_firmware_top NULL /home/ameya/Desktop/Indi_Research/Firmware/Firmware_Top.vhf sub00/vhpl38 1480136137
AR or6_hxilinx_firmware_top or6_hxilinx_firmware_top_v /home/ameya/Desktop/Indi_Research/Firmware/Firmware_Top.vhf sub00/vhpl25 1480136124
AR top_trigg_muser_firmware_top behavioral /home/ameya/Desktop/Indi_Research/Firmware/Firmware_Top.vhf sub00/vhpl29 1480136128
AR memory_block_new_muser_firmware_top behavioral /home/ameya/Desktop/Indi_Research/Firmware/Firmware_Top.vhf sub00/vhpl31 1480136130
EN memory_block_new NULL /home/ameya/Desktop/Indi_Research/Firmware/MEMORY_BLOCK_NEW.vhf sub00/vhpl46 1480136145
AR dcm_clkgen behavioral /home/ameya/Desktop/Indi_Research/Firmware/dcm_clkgen.vhd sub00/vhpl17 1480136116
AR sync_muser_firmware_top behavioral /home/ameya/Desktop/Indi_Research/Firmware/Firmware_Top.vhf sub00/vhpl43 1480136142
AR firmware_top behavioral /home/ameya/Desktop/Indi_Research/Firmware/Firmware_Top.vhf sub00/vhpl45 1480136144
AR stop_gen_block behavioral /home/ameya/Desktop/Indi_Research/Firmware/stop_gen_block.vhf sub00/vhpl59 1480136158
EN stop_latch NULL /home/ameya/Desktop/Indi_Research/Firmware/stop_latch.vhd sub00/vhpl04 1480136103
AR sync behavioral /home/ameya/Desktop/Indi_Research/Firmware/Sync.vhf sub00/vhpl61 1480136160
EN psi_trigg NULL /home/ameya/Desktop/Indi_Research/Firmware/psi_trigg.vhd sub00/vhpl00 1480136099
EN majority_logic_muser_majority_sys NULL /home/ameya/Desktop/Indi_Research/Firmware/majority_sys.vhf sub00/vhpl66 1480136165
EN sync_muser_firmware_top NULL /home/ameya/Desktop/Indi_Research/Firmware/Firmware_Top.vhf sub00/vhpl42 1480136141
AR memory_block_new behavioral /home/ameya/Desktop/Indi_Research/Firmware/MEMORY_BLOCK_NEW.vhf sub00/vhpl47 1480136146
AR stop_latch behavioral /home/ameya/Desktop/Indi_Research/Firmware/stop_latch.vhd sub00/vhpl05 1480136104
EN dcm_clkgen NULL /home/ameya/Desktop/Indi_Research/Firmware/dcm_clkgen.vhd sub00/vhpl16 1480136115
AR stop_ram_fifo_1ch behavioral /home/ameya/Desktop/Indi_Research/Firmware/stop_ram_fifo_1ch.vhd sub00/vhpl15 1480136114
EN majority_logic_muser_firmware_top NULL /home/ameya/Desktop/Indi_Research/Firmware/Firmware_Top.vhf sub00/vhpl34 1480136133
EN stop_gen_block_muser_firmware_top NULL /home/ameya/Desktop/Indi_Research/Firmware/Firmware_Top.vhf sub00/vhpl40 1480136139
EN stop_ram_fifo_1ch NULL /home/ameya/Desktop/Indi_Research/Firmware/stop_ram_fifo_1ch.vhd sub00/vhpl14 1480136113
AR top_trigg behavioral /home/ameya/Desktop/Indi_Research/Firmware/top_trigg.vhf sub00/vhpl63 1480136162
EN or6_hxilinx_majority_logic NULL /home/ameya/Desktop/Indi_Research/Firmware/majority_logic.vhf sub00/vhpl74 1480136173
EN or6_hxilinx_majority_sys NULL /home/ameya/Desktop/Indi_Research/Firmware/majority_sys.vhf sub00/vhpl64 1480136163
AR demux behavioral /home/ameya/Desktop/Indi_Research/Firmware/demux.vhd sub00/vhpl03 1480136102
EN cs_gen NULL /home/ameya/Desktop/Indi_Research/Firmware/CS_gen.vhd sub00/vhpl20 1480136119
EN majority_logic_muser_stop_gen_block NULL /home/ameya/Desktop/Indi_Research/Firmware/stop_gen_block.vhf sub00/vhpl52 1480136151
AR or6_hxilinx_majority_sys or6_hxilinx_majority_sys_v /home/ameya/Desktop/Indi_Research/Firmware/majority_sys.vhf sub00/vhpl65 1480136164
AR majority_logic behavioral /home/ameya/Desktop/Indi_Research/Firmware/majority_logic.vhf sub00/vhpl77 1480136176
AR stop_gen_block_muser_firmware_top behavioral /home/ameya/Desktop/Indi_Research/Firmware/Firmware_Top.vhf sub00/vhpl41 1480136140
EN ram_fifo_1ch NULL /home/ameya/Desktop/Indi_Research/Firmware/ram_fifo_1ch.vhd sub00/vhpl10 1480136109
AR majority_logic_muser_majority_sys behavioral /home/ameya/Desktop/Indi_Research/Firmware/majority_sys.vhf sub00/vhpl67 1480136166
AR m2_1_hxilinx_firmware_top m2_1_hxilinx_firmware_top_v /home/ameya/Desktop/Indi_Research/Firmware/Firmware_Top.vhf sub00/vhpl27 1480136126
EN trigger_ch_muser_majority_sys NULL /home/ameya/Desktop/Indi_Research/Firmware/majority_sys.vhf sub00/vhpl68 1480136167
EN sync NULL /home/ameya/Desktop/Indi_Research/Firmware/Sync.vhf sub00/vhpl60 1480136159
EN or6_hxilinx_firmware_top NULL /home/ameya/Desktop/Indi_Research/Firmware/Firmware_Top.vhf sub00/vhpl24 1480136123
AR trigger_ch_muser_stop_gen_block behavioral /home/ameya/Desktop/Indi_Research/Firmware/stop_gen_block.vhf sub00/vhpl55 1480136154
EN majority_logic NULL /home/ameya/Desktop/Indi_Research/Firmware/majority_logic.vhf sub00/vhpl76 1480136175
EN trigger_ch_muser_stop_gen_block NULL /home/ameya/Desktop/Indi_Research/Firmware/stop_gen_block.vhf sub00/vhpl54 1480136153
EN trigger_ch_muser_firmware_top NULL /home/ameya/Desktop/Indi_Research/Firmware/Firmware_Top.vhf sub00/vhpl36 1480136135
EN top_trigg NULL /home/ameya/Desktop/Indi_Research/Firmware/top_trigg.vhf sub00/vhpl62 1480136161
EN majority_sys_muser_stop_gen_block NULL /home/ameya/Desktop/Indi_Research/Firmware/stop_gen_block.vhf sub00/vhpl56 1480136155
AR cs_gen behavioral /home/ameya/Desktop/Indi_Research/Firmware/CS_gen.vhd sub00/vhpl21 1480136120
EN top_trigg_muser_firmware_top NULL /home/ameya/Desktop/Indi_Research/Firmware/Firmware_Top.vhf sub00/vhpl28 1480136127
EN top_psi_trigg NULL /home/ameya/Desktop/Indi_Research/Firmware/top_psi_trigg.vhd sub00/vhpl22 1480136121
AR cntr_trigg behavioural /home/ameya/Desktop/Indi_Research/Firmware/cntr_trigg.vhd sub00/vhpl07 1480136106
EN memory_block_new_muser_firmware_top NULL /home/ameya/Desktop/Indi_Research/Firmware/Firmware_Top.vhf sub00/vhpl30 1480136129
AR trigger_ch_muser_majority_sys behavioral /home/ameya/Desktop/Indi_Research/Firmware/majority_sys.vhf sub00/vhpl69 1480136168
EN stoplatch_sch NULL /home/ameya/Desktop/Indi_Research/Firmware/stoplatch_SCH.vhf sub00/vhpl72 1480136171
AR majority_sys_muser_firmware_top behavioral /home/ameya/Desktop/Indi_Research/Firmware/Firmware_Top.vhf sub00/vhpl39 1480136138
EN or6_hxilinx_stop_gen_block NULL /home/ameya/Desktop/Indi_Research/Firmware/stop_gen_block.vhf sub00/vhpl48 1480136147
EN cntr_trigg NULL /home/ameya/Desktop/Indi_Research/Firmware/cntr_trigg.vhd sub00/vhpl06 1480136105
EN clkgen_1m NULL /home/ameya/Desktop/Indi_Research/Firmware/clkgen_1M.vhd sub00/vhpl18 1480136117
AR stoplatch_sch behavioral /home/ameya/Desktop/Indi_Research/Firmware/stoplatch_SCH.vhf sub00/vhpl73 1480136172
AR majority_logic_muser_firmware_top behavioral /home/ameya/Desktop/Indi_Research/Firmware/Firmware_Top.vhf sub00/vhpl35 1480136134
AR majority_logic_muser_stop_gen_block behavioral /home/ameya/Desktop/Indi_Research/Firmware/stop_gen_block.vhf sub00/vhpl53 1480136152
AR stoplatch_sch_muser_firmware_top behavioral /home/ameya/Desktop/Indi_Research/Firmware/Firmware_Top.vhf sub00/vhpl33 1480136132
AR majority_sys behavioral /home/ameya/Desktop/Indi_Research/Firmware/majority_sys.vhf sub00/vhpl71 1480136170
EN trigger_ch NULL /home/ameya/Desktop/Indi_Research/Firmware/trigger_ch.vhf sub00/vhpl78 1480136177
EN stoplatch_sch_muser_firmware_top NULL /home/ameya/Desktop/Indi_Research/Firmware/Firmware_Top.vhf sub00/vhpl32 1480136131
AR ram_fifo_1ch behavioral /home/ameya/Desktop/Indi_Research/Firmware/ram_fifo_1ch.vhd sub00/vhpl11 1480136110
EN majority_sys NULL /home/ameya/Desktop/Indi_Research/Firmware/majority_sys.vhf sub00/vhpl70 1480136169
AR majority_sys_muser_stop_gen_block behavioral /home/ameya/Desktop/Indi_Research/Firmware/stop_gen_block.vhf sub00/vhpl57 1480136156
EN stop_gen_block NULL /home/ameya/Desktop/Indi_Research/Firmware/stop_gen_block.vhf sub00/vhpl58 1480136157
AR clkgen_1m behavioral /home/ameya/Desktop/Indi_Research/Firmware/clkgen_1M.vhd sub00/vhpl19 1480136118
EN m2_1_hxilinx_firmware_top NULL /home/ameya/Desktop/Indi_Research/Firmware/Firmware_Top.vhf sub00/vhpl26 1480136125
AR psi_trigg behavioral /home/ameya/Desktop/Indi_Research/Firmware/psi_trigg.vhd sub00/vhpl01 1480136100
EN mem_control_gen NULL /home/ameya/Desktop/Indi_Research/Firmware/mem_control_gen.vhd sub00/vhpl08 1480136107
AR or6_hxilinx_majority_logic or6_hxilinx_majority_logic_v /home/ameya/Desktop/Indi_Research/Firmware/majority_logic.vhf sub00/vhpl75 1480136174
AR mem_control_gen behavioral /home/ameya/Desktop/Indi_Research/Firmware/mem_control_gen.vhd sub00/vhpl09 1480136108
AR stoplatch_sch_muser_stop_gen_block behavioral /home/ameya/Desktop/Indi_Research/Firmware/stop_gen_block.vhf sub00/vhpl51 1480136150
EN firmware_top NULL /home/ameya/Desktop/Indi_Research/Firmware/Firmware_Top.vhf sub00/vhpl44 1480136143
AR trigger_ch behavioral /home/ameya/Desktop/Indi_Research/Firmware/trigger_ch.vhf sub00/vhpl79 1480136178
AR stop_mem_control_gen behavioral /home/ameya/Desktop/Indi_Research/Firmware/stop_mem_control_gen.vhd sub00/vhpl13 1480136112
AR or6_hxilinx_stop_gen_block or6_hxilinx_stop_gen_block_v /home/ameya/Desktop/Indi_Research/Firmware/stop_gen_block.vhf sub00/vhpl49 1480136148
