EN stop_mem_control_gen NULL /home/ameya/Desktop/Indi_Research/Firmware/stop_mem_control_gen.vhd sub00/vhpl08 1479633996
EN stoplatch_sch_muser_stop_gen_block NULL /home/ameya/Desktop/Indi_Research/Firmware/stop_gen_block.vhf sub00/vhpl42 1479634034
EN demux NULL /home/ameya/Desktop/Indi_Research/Firmware/demux.vhd sub00/vhpl00 1479633988
AR trigger_ch_muser_firmware_top behavioral /home/ameya/Desktop/Indi_Research/Firmware/Firmware_Top.vhf sub00/vhpl29 1479634021
EN majority_sys_muser_firmware_top NULL /home/ameya/Desktop/Indi_Research/Firmware/Firmware_Top.vhf sub00/vhpl30 1479634022
AR or6_hxilinx_firmware_top or6_hxilinx_firmware_top_v /home/ameya/Desktop/Indi_Research/Firmware/Firmware_Top.vhf sub00/vhpl19 1479634011
EN trigg_comp NULL /home/ameya/Desktop/Indi_Research/Firmware/trigg_comp.vhd sub00/vhpl72 1479633986
AR memory_block_new_muser_firmware_top behavioral /home/ameya/Desktop/Indi_Research/Firmware/Firmware_Top.vhf sub00/vhpl23 1479634015
EN memory_block_new NULL /home/ameya/Desktop/Indi_Research/Firmware/MEMORY_BLOCK_NEW.vhf sub00/vhpl38 1479634030
AR dcm_clkgen behavioral /home/ameya/Desktop/Indi_Research/Firmware/dcm_clkgen.vhd sub00/vhpl13 1479634001
AR sync_muser_firmware_top behavioral /home/ameya/Desktop/Indi_Research/Firmware/Firmware_Top.vhf sub00/vhpl35 1479634027
AR firmware_top behavioral /home/ameya/Desktop/Indi_Research/Firmware/Firmware_Top.vhf sub00/vhpl37 1479634029
AR stop_gen_block behavioral /home/ameya/Desktop/Indi_Research/Firmware/stop_gen_block.vhf sub00/vhpl51 1479634043
EN stop_latch NULL /home/ameya/Desktop/Indi_Research/Firmware/stop_latch.vhd sub00/vhpl02 1479633990
AR sync behavioral /home/ameya/Desktop/Indi_Research/Firmware/Sync.vhf sub00/vhpl53 1479634045
EN psi_trigg NULL /home/ameya/Desktop/Indi_Research/Firmware/psi_trigg.vhd sub00/vhpl76 1479634008
EN majority_logic_muser_majority_sys NULL /home/ameya/Desktop/Indi_Research/Firmware/majority_sys.vhf sub00/vhpl56 1479634048
AR cntr_trigg_comp behavioral /home/ameya/Desktop/Indi_Research/Firmware/cntr_trigg_comp.vhd sub00/vhpl75 1479634007
EN sync_muser_firmware_top NULL /home/ameya/Desktop/Indi_Research/Firmware/Firmware_Top.vhf sub00/vhpl34 1479634026
AR memory_block_new behavioral /home/ameya/Desktop/Indi_Research/Firmware/MEMORY_BLOCK_NEW.vhf sub00/vhpl39 1479634031
AR stop_latch behavioral /home/ameya/Desktop/Indi_Research/Firmware/stop_latch.vhd sub00/vhpl03 1479633991
EN dcm_clkgen NULL /home/ameya/Desktop/Indi_Research/Firmware/dcm_clkgen.vhd sub00/vhpl12 1479634000
AR stop_ram_fifo_1ch behavioral /home/ameya/Desktop/Indi_Research/Firmware/stop_ram_fifo_1ch.vhd sub00/vhpl11 1479633999
EN majority_logic_muser_firmware_top NULL /home/ameya/Desktop/Indi_Research/Firmware/Firmware_Top.vhf sub00/vhpl26 1479634018
EN stop_gen_block_muser_firmware_top NULL /home/ameya/Desktop/Indi_Research/Firmware/Firmware_Top.vhf sub00/vhpl32 1479634024
EN stop_ram_fifo_1ch NULL /home/ameya/Desktop/Indi_Research/Firmware/stop_ram_fifo_1ch.vhd sub00/vhpl10 1479633998
EN or6_hxilinx_majority_logic NULL /home/ameya/Desktop/Indi_Research/Firmware/majority_logic.vhf sub00/vhpl64 1479634056
EN or6_hxilinx_majority_sys NULL /home/ameya/Desktop/Indi_Research/Firmware/majority_sys.vhf sub00/vhpl54 1479634046
AR demux behavioral /home/ameya/Desktop/Indi_Research/Firmware/demux.vhd sub00/vhpl01 1479633989
EN cs_gen NULL /home/ameya/Desktop/Indi_Research/Firmware/CS_gen.vhd sub00/vhpl16 1479634004
EN majority_logic_muser_stop_gen_block NULL /home/ameya/Desktop/Indi_Research/Firmware/stop_gen_block.vhf sub00/vhpl44 1479634036
AR or6_hxilinx_majority_sys or6_hxilinx_majority_sys_v /home/ameya/Desktop/Indi_Research/Firmware/majority_sys.vhf sub00/vhpl55 1479634047
AR majority_logic behavioral /home/ameya/Desktop/Indi_Research/Firmware/majority_logic.vhf sub00/vhpl67 1479634059
AR stop_gen_block_muser_firmware_top behavioral /home/ameya/Desktop/Indi_Research/Firmware/Firmware_Top.vhf sub00/vhpl33 1479634025
EN ram_fifo_1ch NULL /home/ameya/Desktop/Indi_Research/Firmware/ram_fifo_1ch.vhd sub00/vhpl06 1479633994
AR majority_logic_muser_majority_sys behavioral /home/ameya/Desktop/Indi_Research/Firmware/majority_sys.vhf sub00/vhpl57 1479634049
AR trigg_comp behavioral /home/ameya/Desktop/Indi_Research/Firmware/trigg_comp.vhd sub00/vhpl73 1479633987
AR m2_1_hxilinx_firmware_top m2_1_hxilinx_firmware_top_v /home/ameya/Desktop/Indi_Research/Firmware/Firmware_Top.vhf sub00/vhpl21 1479634013
EN trigger_ch_muser_majority_sys NULL /home/ameya/Desktop/Indi_Research/Firmware/majority_sys.vhf sub00/vhpl58 1479634050
EN sync NULL /home/ameya/Desktop/Indi_Research/Firmware/Sync.vhf sub00/vhpl52 1479634044
EN or6_hxilinx_firmware_top NULL /home/ameya/Desktop/Indi_Research/Firmware/Firmware_Top.vhf sub00/vhpl18 1479634010
AR trigger_ch_muser_stop_gen_block behavioral /home/ameya/Desktop/Indi_Research/Firmware/stop_gen_block.vhf sub00/vhpl47 1479634039
EN majority_logic NULL /home/ameya/Desktop/Indi_Research/Firmware/majority_logic.vhf sub00/vhpl66 1479634058
EN trigger_ch_muser_stop_gen_block NULL /home/ameya/Desktop/Indi_Research/Firmware/stop_gen_block.vhf sub00/vhpl46 1479634038
EN trigger_ch_muser_firmware_top NULL /home/ameya/Desktop/Indi_Research/Firmware/Firmware_Top.vhf sub00/vhpl28 1479634020
EN majority_sys_muser_stop_gen_block NULL /home/ameya/Desktop/Indi_Research/Firmware/stop_gen_block.vhf sub00/vhpl48 1479634040
AR cs_gen behavioral /home/ameya/Desktop/Indi_Research/Firmware/CS_gen.vhd sub00/vhpl17 1479634005
EN cntr_trigg_comp NULL /home/ameya/Desktop/Indi_Research/Firmware/cntr_trigg_comp.vhd sub00/vhpl74 1479634006
EN memory_block_new_muser_firmware_top NULL /home/ameya/Desktop/Indi_Research/Firmware/Firmware_Top.vhf sub00/vhpl22 1479634014
AR cntr_trigg behavioural /home/ameya/Desktop/Indi_Research/Firmware/cntr_trigg.vhd sub00/vhpl71 1479633985
AR trigger_ch_muser_majority_sys behavioral /home/ameya/Desktop/Indi_Research/Firmware/majority_sys.vhf sub00/vhpl59 1479634051
EN stoplatch_sch NULL /home/ameya/Desktop/Indi_Research/Firmware/stoplatch_SCH.vhf sub00/vhpl62 1479634054
AR majority_sys_muser_firmware_top behavioral /home/ameya/Desktop/Indi_Research/Firmware/Firmware_Top.vhf sub00/vhpl31 1479634023
EN or6_hxilinx_stop_gen_block NULL /home/ameya/Desktop/Indi_Research/Firmware/stop_gen_block.vhf sub00/vhpl40 1479634032
EN cntr_trigg NULL /home/ameya/Desktop/Indi_Research/Firmware/cntr_trigg.vhd sub00/vhpl70 1479633984
EN clkgen_1m NULL /home/ameya/Desktop/Indi_Research/Firmware/clkgen_1M.vhd sub00/vhpl14 1479634002
AR stoplatch_sch behavioral /home/ameya/Desktop/Indi_Research/Firmware/stoplatch_SCH.vhf sub00/vhpl63 1479634055
AR majority_logic_muser_firmware_top behavioral /home/ameya/Desktop/Indi_Research/Firmware/Firmware_Top.vhf sub00/vhpl27 1479634019
AR majority_logic_muser_stop_gen_block behavioral /home/ameya/Desktop/Indi_Research/Firmware/stop_gen_block.vhf sub00/vhpl45 1479634037
AR stoplatch_sch_muser_firmware_top behavioral /home/ameya/Desktop/Indi_Research/Firmware/Firmware_Top.vhf sub00/vhpl25 1479634017
AR majority_sys behavioral /home/ameya/Desktop/Indi_Research/Firmware/majority_sys.vhf sub00/vhpl61 1479634053
EN trigger_ch NULL /home/ameya/Desktop/Indi_Research/Firmware/trigger_ch.vhf sub00/vhpl68 1479634060
EN stoplatch_sch_muser_firmware_top NULL /home/ameya/Desktop/Indi_Research/Firmware/Firmware_Top.vhf sub00/vhpl24 1479634016
AR ram_fifo_1ch behavioral /home/ameya/Desktop/Indi_Research/Firmware/ram_fifo_1ch.vhd sub00/vhpl07 1479633995
EN majority_sys NULL /home/ameya/Desktop/Indi_Research/Firmware/majority_sys.vhf sub00/vhpl60 1479634052
AR majority_sys_muser_stop_gen_block behavioral /home/ameya/Desktop/Indi_Research/Firmware/stop_gen_block.vhf sub00/vhpl49 1479634041
EN stop_gen_block NULL /home/ameya/Desktop/Indi_Research/Firmware/stop_gen_block.vhf sub00/vhpl50 1479634042
AR clkgen_1m behavioral /home/ameya/Desktop/Indi_Research/Firmware/clkgen_1M.vhd sub00/vhpl15 1479634003
EN m2_1_hxilinx_firmware_top NULL /home/ameya/Desktop/Indi_Research/Firmware/Firmware_Top.vhf sub00/vhpl20 1479634012
EN mem_control_gen NULL /home/ameya/Desktop/Indi_Research/Firmware/mem_control_gen.vhd sub00/vhpl04 1479633992
AR psi_trigg behavioral /home/ameya/Desktop/Indi_Research/Firmware/psi_trigg.vhd sub00/vhpl77 1479634009
AR or6_hxilinx_majority_logic or6_hxilinx_majority_logic_v /home/ameya/Desktop/Indi_Research/Firmware/majority_logic.vhf sub00/vhpl65 1479634057
AR mem_control_gen behavioral /home/ameya/Desktop/Indi_Research/Firmware/mem_control_gen.vhd sub00/vhpl05 1479633993
AR stoplatch_sch_muser_stop_gen_block behavioral /home/ameya/Desktop/Indi_Research/Firmware/stop_gen_block.vhf sub00/vhpl43 1479634035
EN firmware_top NULL /home/ameya/Desktop/Indi_Research/Firmware/Firmware_Top.vhf sub00/vhpl36 1479634028
AR trigger_ch behavioral /home/ameya/Desktop/Indi_Research/Firmware/trigger_ch.vhf sub00/vhpl69 1479634061
AR stop_mem_control_gen behavioral /home/ameya/Desktop/Indi_Research/Firmware/stop_mem_control_gen.vhd sub00/vhpl09 1479633997
AR or6_hxilinx_stop_gen_block or6_hxilinx_stop_gen_block_v /home/ameya/Desktop/Indi_Research/Firmware/stop_gen_block.vhf sub00/vhpl41 1479634033
