EN stop_mem_control_gen NULL /home/ameya/Desktop/Indi_Research/Firmware/stop_mem_control_gen.vhd sub00/vhpl12 1480752618
EN stoplatch_sch_muser_stop_gen_block NULL /home/ameya/Desktop/Indi_Research/Firmware/stop_gen_block.vhf sub00/vhpl50 1480752656
EN demux NULL /home/ameya/Desktop/Indi_Research/Firmware/demux.vhd sub00/vhpl02 1480752608
AR trigger_ch_muser_firmware_top behavioral /home/ameya/Desktop/Indi_Research/Firmware/Firmware_Top.vhf sub00/vhpl37 1480752643
AR top_psi_trigg behavioral /home/ameya/Desktop/Indi_Research/Firmware/top_psi_trigg.vhd sub00/vhpl23 1480752629
EN majority_sys_muser_firmware_top NULL /home/ameya/Desktop/Indi_Research/Firmware/Firmware_Top.vhf sub00/vhpl38 1480752644
AR or6_hxilinx_firmware_top or6_hxilinx_firmware_top_v /home/ameya/Desktop/Indi_Research/Firmware/Firmware_Top.vhf sub00/vhpl25 1480752631
AR top_trigg_muser_firmware_top behavioral /home/ameya/Desktop/Indi_Research/Firmware/Firmware_Top.vhf sub00/vhpl29 1480752635
AR memory_block_new_muser_firmware_top behavioral /home/ameya/Desktop/Indi_Research/Firmware/Firmware_Top.vhf sub00/vhpl31 1480752637
EN memory_block_new NULL /home/ameya/Desktop/Indi_Research/Firmware/MEMORY_BLOCK_NEW.vhf sub00/vhpl46 1480752652
AR dcm_clkgen behavioral /home/ameya/Desktop/Indi_Research/Firmware/dcm_clkgen.vhd sub00/vhpl17 1480752623
AR sync_muser_firmware_top behavioral /home/ameya/Desktop/Indi_Research/Firmware/Firmware_Top.vhf sub00/vhpl43 1480752649
AR firmware_top behavioral /home/ameya/Desktop/Indi_Research/Firmware/Firmware_Top.vhf sub00/vhpl45 1480752651
AR stop_gen_block behavioral /home/ameya/Desktop/Indi_Research/Firmware/stop_gen_block.vhf sub00/vhpl59 1480752665
EN stop_latch NULL /home/ameya/Desktop/Indi_Research/Firmware/stop_latch.vhd sub00/vhpl04 1480752610
AR sync behavioral /home/ameya/Desktop/Indi_Research/Firmware/Sync.vhf sub00/vhpl61 1480752667
EN psi_trigg NULL /home/ameya/Desktop/Indi_Research/Firmware/psi_trigg.vhd sub00/vhpl00 1480752606
EN majority_logic_muser_majority_sys NULL /home/ameya/Desktop/Indi_Research/Firmware/majority_sys.vhf sub00/vhpl66 1480752672
EN sync_muser_firmware_top NULL /home/ameya/Desktop/Indi_Research/Firmware/Firmware_Top.vhf sub00/vhpl42 1480752648
AR memory_block_new behavioral /home/ameya/Desktop/Indi_Research/Firmware/MEMORY_BLOCK_NEW.vhf sub00/vhpl47 1480752653
AR stop_latch behavioral /home/ameya/Desktop/Indi_Research/Firmware/stop_latch.vhd sub00/vhpl05 1480752611
EN dcm_clkgen NULL /home/ameya/Desktop/Indi_Research/Firmware/dcm_clkgen.vhd sub00/vhpl16 1480752622
AR stop_ram_fifo_1ch behavioral /home/ameya/Desktop/Indi_Research/Firmware/stop_ram_fifo_1ch.vhd sub00/vhpl15 1480752621
EN majority_logic_muser_firmware_top NULL /home/ameya/Desktop/Indi_Research/Firmware/Firmware_Top.vhf sub00/vhpl34 1480752640
EN stop_gen_block_muser_firmware_top NULL /home/ameya/Desktop/Indi_Research/Firmware/Firmware_Top.vhf sub00/vhpl40 1480752646
EN stop_ram_fifo_1ch NULL /home/ameya/Desktop/Indi_Research/Firmware/stop_ram_fifo_1ch.vhd sub00/vhpl14 1480752620
AR top_trigg behavioral /home/ameya/Desktop/Indi_Research/Firmware/top_trigg.vhf sub00/vhpl63 1480752669
EN or6_hxilinx_majority_logic NULL /home/ameya/Desktop/Indi_Research/Firmware/majority_logic.vhf sub00/vhpl74 1480752680
EN or6_hxilinx_majority_sys NULL /home/ameya/Desktop/Indi_Research/Firmware/majority_sys.vhf sub00/vhpl64 1480752670
AR demux behavioral /home/ameya/Desktop/Indi_Research/Firmware/demux.vhd sub00/vhpl03 1480752609
EN cs_gen NULL /home/ameya/Desktop/Indi_Research/Firmware/CS_gen.vhd sub00/vhpl20 1480752626
EN majority_logic_muser_stop_gen_block NULL /home/ameya/Desktop/Indi_Research/Firmware/stop_gen_block.vhf sub00/vhpl52 1480752658
AR or6_hxilinx_majority_sys or6_hxilinx_majority_sys_v /home/ameya/Desktop/Indi_Research/Firmware/majority_sys.vhf sub00/vhpl65 1480752671
AR majority_logic behavioral /home/ameya/Desktop/Indi_Research/Firmware/majority_logic.vhf sub00/vhpl77 1480752683
AR stop_gen_block_muser_firmware_top behavioral /home/ameya/Desktop/Indi_Research/Firmware/Firmware_Top.vhf sub00/vhpl41 1480752647
EN ram_fifo_1ch NULL /home/ameya/Desktop/Indi_Research/Firmware/ram_fifo_1ch.vhd sub00/vhpl10 1480752616
AR majority_logic_muser_majority_sys behavioral /home/ameya/Desktop/Indi_Research/Firmware/majority_sys.vhf sub00/vhpl67 1480752673
AR m2_1_hxilinx_firmware_top m2_1_hxilinx_firmware_top_v /home/ameya/Desktop/Indi_Research/Firmware/Firmware_Top.vhf sub00/vhpl27 1480752633
EN trigger_ch_muser_majority_sys NULL /home/ameya/Desktop/Indi_Research/Firmware/majority_sys.vhf sub00/vhpl68 1480752674
EN sync NULL /home/ameya/Desktop/Indi_Research/Firmware/Sync.vhf sub00/vhpl60 1480752666
EN or6_hxilinx_firmware_top NULL /home/ameya/Desktop/Indi_Research/Firmware/Firmware_Top.vhf sub00/vhpl24 1480752630
AR trigger_ch_muser_stop_gen_block behavioral /home/ameya/Desktop/Indi_Research/Firmware/stop_gen_block.vhf sub00/vhpl55 1480752661
EN majority_logic NULL /home/ameya/Desktop/Indi_Research/Firmware/majority_logic.vhf sub00/vhpl76 1480752682
EN trigger_ch_muser_stop_gen_block NULL /home/ameya/Desktop/Indi_Research/Firmware/stop_gen_block.vhf sub00/vhpl54 1480752660
EN trigger_ch_muser_firmware_top NULL /home/ameya/Desktop/Indi_Research/Firmware/Firmware_Top.vhf sub00/vhpl36 1480752642
EN top_trigg NULL /home/ameya/Desktop/Indi_Research/Firmware/top_trigg.vhf sub00/vhpl62 1480752668
EN majority_sys_muser_stop_gen_block NULL /home/ameya/Desktop/Indi_Research/Firmware/stop_gen_block.vhf sub00/vhpl56 1480752662
AR cs_gen behavioral /home/ameya/Desktop/Indi_Research/Firmware/CS_gen.vhd sub00/vhpl21 1480752627
EN top_trigg_muser_firmware_top NULL /home/ameya/Desktop/Indi_Research/Firmware/Firmware_Top.vhf sub00/vhpl28 1480752634
EN top_psi_trigg NULL /home/ameya/Desktop/Indi_Research/Firmware/top_psi_trigg.vhd sub00/vhpl22 1480752628
AR cntr_trigg behavioural /home/ameya/Desktop/Indi_Research/Firmware/cntr_trigg.vhd sub00/vhpl07 1480752613
EN memory_block_new_muser_firmware_top NULL /home/ameya/Desktop/Indi_Research/Firmware/Firmware_Top.vhf sub00/vhpl30 1480752636
AR trigger_ch_muser_majority_sys behavioral /home/ameya/Desktop/Indi_Research/Firmware/majority_sys.vhf sub00/vhpl69 1480752675
EN stoplatch_sch NULL /home/ameya/Desktop/Indi_Research/Firmware/stoplatch_SCH.vhf sub00/vhpl72 1480752678
AR majority_sys_muser_firmware_top behavioral /home/ameya/Desktop/Indi_Research/Firmware/Firmware_Top.vhf sub00/vhpl39 1480752645
EN or6_hxilinx_stop_gen_block NULL /home/ameya/Desktop/Indi_Research/Firmware/stop_gen_block.vhf sub00/vhpl48 1480752654
EN cntr_trigg NULL /home/ameya/Desktop/Indi_Research/Firmware/cntr_trigg.vhd sub00/vhpl06 1480752612
EN clkgen_1m NULL /home/ameya/Desktop/Indi_Research/Firmware/clkgen_1M.vhd sub00/vhpl18 1480752624
AR stoplatch_sch behavioral /home/ameya/Desktop/Indi_Research/Firmware/stoplatch_SCH.vhf sub00/vhpl73 1480752679
AR majority_logic_muser_firmware_top behavioral /home/ameya/Desktop/Indi_Research/Firmware/Firmware_Top.vhf sub00/vhpl35 1480752641
AR majority_logic_muser_stop_gen_block behavioral /home/ameya/Desktop/Indi_Research/Firmware/stop_gen_block.vhf sub00/vhpl53 1480752659
AR stoplatch_sch_muser_firmware_top behavioral /home/ameya/Desktop/Indi_Research/Firmware/Firmware_Top.vhf sub00/vhpl33 1480752639
AR majority_sys behavioral /home/ameya/Desktop/Indi_Research/Firmware/majority_sys.vhf sub00/vhpl71 1480752677
EN trigger_ch NULL /home/ameya/Desktop/Indi_Research/Firmware/trigger_ch.vhf sub00/vhpl78 1480752684
EN stoplatch_sch_muser_firmware_top NULL /home/ameya/Desktop/Indi_Research/Firmware/Firmware_Top.vhf sub00/vhpl32 1480752638
AR ram_fifo_1ch behavioral /home/ameya/Desktop/Indi_Research/Firmware/ram_fifo_1ch.vhd sub00/vhpl11 1480752617
EN majority_sys NULL /home/ameya/Desktop/Indi_Research/Firmware/majority_sys.vhf sub00/vhpl70 1480752676
AR majority_sys_muser_stop_gen_block behavioral /home/ameya/Desktop/Indi_Research/Firmware/stop_gen_block.vhf sub00/vhpl57 1480752663
EN stop_gen_block NULL /home/ameya/Desktop/Indi_Research/Firmware/stop_gen_block.vhf sub00/vhpl58 1480752664
AR clkgen_1m behavioral /home/ameya/Desktop/Indi_Research/Firmware/clkgen_1M.vhd sub00/vhpl19 1480752625
EN m2_1_hxilinx_firmware_top NULL /home/ameya/Desktop/Indi_Research/Firmware/Firmware_Top.vhf sub00/vhpl26 1480752632
AR psi_trigg behavioral /home/ameya/Desktop/Indi_Research/Firmware/psi_trigg.vhd sub00/vhpl01 1480752607
EN mem_control_gen NULL /home/ameya/Desktop/Indi_Research/Firmware/mem_control_gen.vhd sub00/vhpl08 1480752614
AR or6_hxilinx_majority_logic or6_hxilinx_majority_logic_v /home/ameya/Desktop/Indi_Research/Firmware/majority_logic.vhf sub00/vhpl75 1480752681
AR mem_control_gen behavioral /home/ameya/Desktop/Indi_Research/Firmware/mem_control_gen.vhd sub00/vhpl09 1480752615
AR stoplatch_sch_muser_stop_gen_block behavioral /home/ameya/Desktop/Indi_Research/Firmware/stop_gen_block.vhf sub00/vhpl51 1480752657
EN firmware_top NULL /home/ameya/Desktop/Indi_Research/Firmware/Firmware_Top.vhf sub00/vhpl44 1480752650
AR trigger_ch behavioral /home/ameya/Desktop/Indi_Research/Firmware/trigger_ch.vhf sub00/vhpl79 1480752685
AR stop_mem_control_gen behavioral /home/ameya/Desktop/Indi_Research/Firmware/stop_mem_control_gen.vhd sub00/vhpl13 1480752619
AR or6_hxilinx_stop_gen_block or6_hxilinx_stop_gen_block_v /home/ameya/Desktop/Indi_Research/Firmware/stop_gen_block.vhf sub00/vhpl49 1480752655
