V3 166
FL /home/ameya/Desktop/Indi_Research/Firmware/clkgen_1M.vhd 2016/11/18.13:20:40 P.20131013
EN work/clkgen_1M 1479634002 \
      FL /home/ameya/Desktop/Indi_Research/Firmware/clkgen_1M.vhd \
      PB ieee/std_logic_1164 1381692176
AR work/clkgen_1M/Behavioral 1479634003 \
      FL /home/ameya/Desktop/Indi_Research/Firmware/clkgen_1M.vhd \
      EN work/clkgen_1M 1479634002
FL /home/ameya/Desktop/Indi_Research/Firmware/cntr_trigg.vhd 2016/11/18.14:38:12 P.20131013
EN work/cntr_trigg 1479633984 \
      FL /home/ameya/Desktop/Indi_Research/Firmware/cntr_trigg.vhd \
      PB ieee/std_logic_1164 1381692176 PB ieee/STD_LOGIC_UNSIGNED 1381692179 \
      PB ieee/NUMERIC_STD 1381692181
AR work/cntr_trigg/Behavioural 1479633985 \
      FL /home/ameya/Desktop/Indi_Research/Firmware/cntr_trigg.vhd \
      EN work/cntr_trigg 1479633984
FL /home/ameya/Desktop/Indi_Research/Firmware/cntr_trigg_comp.vhd 2016/11/20.01:18:48 P.20131013
EN work/cntr_trigg_comp 1479634006 \
      FL /home/ameya/Desktop/Indi_Research/Firmware/cntr_trigg_comp.vhd \
      PB ieee/std_logic_1164 1381692176
AR work/cntr_trigg_comp/Behavioral 1479634007 \
      FL /home/ameya/Desktop/Indi_Research/Firmware/cntr_trigg_comp.vhd \
      EN work/cntr_trigg_comp 1479634006 CP cntr_trigg CP trigg_comp
FL /home/ameya/Desktop/Indi_Research/Firmware/CS_gen.vhd 2016/11/18.13:20:40 P.20131013
EN work/CS_gen 1479634004 \
      FL /home/ameya/Desktop/Indi_Research/Firmware/CS_gen.vhd \
      PB ieee/std_logic_1164 1381692176
AR work/CS_gen/Behavioral 1479634005 \
      FL /home/ameya/Desktop/Indi_Research/Firmware/CS_gen.vhd EN work/CS_gen 1479634004
FL /home/ameya/Desktop/Indi_Research/Firmware/dcm_clkgen.vhd 2016/11/20.00:23:46 P.20131013
EN work/dcm_clkgen 1479634000 \
      FL /home/ameya/Desktop/Indi_Research/Firmware/dcm_clkgen.vhd \
      PB ieee/std_logic_1164 1381692176 PB ieee/NUMERIC_STD 1381692181 LB UNISIM \
      PH unisim/VCOMPONENTS 1381692182
AR work/dcm_clkgen/BEHAVIORAL 1479634001 \
      FL /home/ameya/Desktop/Indi_Research/Firmware/dcm_clkgen.vhd \
      EN work/dcm_clkgen 1479634000 CP BUFG CP IBUFG CP DCM_SP
FL /home/ameya/Desktop/Indi_Research/Firmware/demux.vhd 2016/11/18.13:20:46 P.20131013
EN work/demux 1479633988 FL /home/ameya/Desktop/Indi_Research/Firmware/demux.vhd \
      PB ieee/std_logic_1164 1381692176
AR work/demux/Behavioral 1479633989 \
      FL /home/ameya/Desktop/Indi_Research/Firmware/demux.vhd EN work/demux 1479633988
FL /home/ameya/Desktop/Indi_Research/Firmware/Firmware_Top.vhf 2016/11/20.01:26:10 P.20131013
EN work/OR6_HXILINX_Firmware_Top 1479634010 \
      FL /home/ameya/Desktop/Indi_Research/Firmware/Firmware_Top.vhf \
      PB ieee/std_logic_1164 1381692176
AR work/OR6_HXILINX_Firmware_Top/OR6_HXILINX_Firmware_Top_V 1479634011 \
      FL /home/ameya/Desktop/Indi_Research/Firmware/Firmware_Top.vhf \
      EN work/OR6_HXILINX_Firmware_Top 1479634010
EN work/M2_1_HXILINX_Firmware_Top 1479634012 \
      FL /home/ameya/Desktop/Indi_Research/Firmware/Firmware_Top.vhf \
      PB ieee/std_logic_1164 1381692176
AR work/M2_1_HXILINX_Firmware_Top/M2_1_HXILINX_Firmware_Top_V 1479634013 \
      FL /home/ameya/Desktop/Indi_Research/Firmware/Firmware_Top.vhf \
      EN work/M2_1_HXILINX_Firmware_Top 1479634012
EN work/MEMORY_BLOCK_NEW_MUSER_Firmware_Top 1479634014 \
      FL /home/ameya/Desktop/Indi_Research/Firmware/Firmware_Top.vhf \
      PB ieee/std_logic_1164 1381692176 PB ieee/NUMERIC_STD 1381692181 LB UNISIM \
      PH unisim/VCOMPONENTS 1381692182
AR work/MEMORY_BLOCK_NEW_MUSER_Firmware_Top/BEHAVIORAL 1479634015 \
      FL /home/ameya/Desktop/Indi_Research/Firmware/Firmware_Top.vhf \
      EN work/MEMORY_BLOCK_NEW_MUSER_Firmware_Top 1479634014 CP mem_control_gen \
      CP ram_fifo_1ch CP STOP_mem_control_gen CP stop_ram_fifo_1ch
EN work/stoplatch_SCH_MUSER_Firmware_Top 1479634016 \
      FL /home/ameya/Desktop/Indi_Research/Firmware/Firmware_Top.vhf \
      PB ieee/std_logic_1164 1381692176 PB ieee/NUMERIC_STD 1381692181 LB UNISIM \
      PH unisim/VCOMPONENTS 1381692182
AR work/stoplatch_SCH_MUSER_Firmware_Top/BEHAVIORAL 1479634017 \
      FL /home/ameya/Desktop/Indi_Research/Firmware/Firmware_Top.vhf \
      EN work/stoplatch_SCH_MUSER_Firmware_Top 1479634016 CP stop_latch CP FD \
      CP OR5 CP FD_1
EN work/majority_logic_MUSER_Firmware_Top 1479634018 \
      FL /home/ameya/Desktop/Indi_Research/Firmware/Firmware_Top.vhf \
      PB ieee/std_logic_1164 1381692176 PB ieee/NUMERIC_STD 1381692181 LB UNISIM \
      PH unisim/VCOMPONENTS 1381692182
AR work/majority_logic_MUSER_Firmware_Top/BEHAVIORAL 1479634019 \
      FL /home/ameya/Desktop/Indi_Research/Firmware/Firmware_Top.vhf \
      EN work/majority_logic_MUSER_Firmware_Top 1479634018 CP AND2 CP AND3 CP AND4 \
      CP OR4 CP OR6_HXILINX_Firmware_Top CP demux
EN work/trigger_ch_MUSER_Firmware_Top 1479634020 \
      FL /home/ameya/Desktop/Indi_Research/Firmware/Firmware_Top.vhf \
      PB ieee/std_logic_1164 1381692176 PB ieee/NUMERIC_STD 1381692181 LB UNISIM \
      PH unisim/VCOMPONENTS 1381692182
AR work/trigger_ch_MUSER_Firmware_Top/BEHAVIORAL 1479634021 \
      FL /home/ameya/Desktop/Indi_Research/Firmware/Firmware_Top.vhf \
      EN work/trigger_ch_MUSER_Firmware_Top 1479634020 CP OR2 CP AND3 CP AND4 CP INV \
      CP AND2 CP OR3
EN work/majority_sys_MUSER_Firmware_Top 1479634022 \
      FL /home/ameya/Desktop/Indi_Research/Firmware/Firmware_Top.vhf \
      PB ieee/std_logic_1164 1381692176 PB ieee/NUMERIC_STD 1381692181 LB UNISIM \
      PH unisim/VCOMPONENTS 1381692182
AR work/majority_sys_MUSER_Firmware_Top/BEHAVIORAL 1479634023 \
      FL /home/ameya/Desktop/Indi_Research/Firmware/Firmware_Top.vhf \
      EN work/majority_sys_MUSER_Firmware_Top 1479634022 \
      CP majority_logic_MUSER_Firmware_Top CP trigger_ch_MUSER_Firmware_Top CP BUF
EN work/stop_gen_block_MUSER_Firmware_Top 1479634024 \
      FL /home/ameya/Desktop/Indi_Research/Firmware/Firmware_Top.vhf \
      PB ieee/std_logic_1164 1381692176 PB ieee/NUMERIC_STD 1381692181 LB UNISIM \
      PH unisim/VCOMPONENTS 1381692182
AR work/stop_gen_block_MUSER_Firmware_Top/BEHAVIORAL 1479634025 \
      FL /home/ameya/Desktop/Indi_Research/Firmware/Firmware_Top.vhf \
      EN work/stop_gen_block_MUSER_Firmware_Top 1479634024 \
      CP majority_sys_MUSER_Firmware_Top CP SRL16 CP VCC CP GND \
      CP stoplatch_SCH_MUSER_Firmware_Top CP BUF
EN work/Sync_MUSER_Firmware_Top 1479634026 \
      FL /home/ameya/Desktop/Indi_Research/Firmware/Firmware_Top.vhf \
      PB ieee/std_logic_1164 1381692176 PB ieee/NUMERIC_STD 1381692181 LB UNISIM \
      PH unisim/VCOMPONENTS 1381692182
AR work/Sync_MUSER_Firmware_Top/BEHAVIORAL 1479634027 \
      FL /home/ameya/Desktop/Indi_Research/Firmware/Firmware_Top.vhf \
      EN work/Sync_MUSER_Firmware_Top 1479634026 CP FD_1
EN work/Firmware_Top 1479634028 \
      FL /home/ameya/Desktop/Indi_Research/Firmware/Firmware_Top.vhf \
      PB ieee/std_logic_1164 1381692176 PB ieee/NUMERIC_STD 1381692181 LB UNISIM \
      PH unisim/VCOMPONENTS 1381692182
AR work/Firmware_Top/BEHAVIORAL 1479634029 \
      FL /home/ameya/Desktop/Indi_Research/Firmware/Firmware_Top.vhf \
      EN work/Firmware_Top 1479634028 CP dcm_clkgen CP clkgen_1M CP CS_gen \
      CP M2_1_HXILINX_Firmware_Top CP Sync_MUSER_Firmware_Top \
      CP MEMORY_BLOCK_NEW_MUSER_Firmware_Top CP OR5 CP OBUFT CP OR2 CP INV CP BUFG \
      CP stop_gen_block_MUSER_Firmware_Top CP AND2 CP VCC CP AND3 CP cntr_trigg_comp \
      CP psi_trigg
FL /home/ameya/Desktop/Indi_Research/Firmware/majority_logic.vhf 2016/11/20.00:23:39 P.20131013
EN work/OR6_HXILINX_majority_logic 1479634056 \
      FL /home/ameya/Desktop/Indi_Research/Firmware/majority_logic.vhf \
      PB ieee/std_logic_1164 1381692176
AR work/OR6_HXILINX_majority_logic/OR6_HXILINX_majority_logic_V 1479634057 \
      FL /home/ameya/Desktop/Indi_Research/Firmware/majority_logic.vhf \
      EN work/OR6_HXILINX_majority_logic 1479634056
EN work/majority_logic 1479634058 \
      FL /home/ameya/Desktop/Indi_Research/Firmware/majority_logic.vhf \
      PB ieee/std_logic_1164 1381692176 PB ieee/NUMERIC_STD 1381692181 LB UNISIM \
      PH unisim/VCOMPONENTS 1381692182
AR work/majority_logic/BEHAVIORAL 1479634059 \
      FL /home/ameya/Desktop/Indi_Research/Firmware/majority_logic.vhf \
      EN work/majority_logic 1479634058 CP AND2 CP AND3 CP AND4 CP OR4 \
      CP OR6_HXILINX_majority_logic CP demux
FL /home/ameya/Desktop/Indi_Research/Firmware/majority_sys.vhf 2016/11/20.00:23:40 P.20131013
EN work/OR6_HXILINX_majority_sys 1479634046 \
      FL /home/ameya/Desktop/Indi_Research/Firmware/majority_sys.vhf \
      PB ieee/std_logic_1164 1381692176
AR work/OR6_HXILINX_majority_sys/OR6_HXILINX_majority_sys_V 1479634047 \
      FL /home/ameya/Desktop/Indi_Research/Firmware/majority_sys.vhf \
      EN work/OR6_HXILINX_majority_sys 1479634046
EN work/majority_logic_MUSER_majority_sys 1479634048 \
      FL /home/ameya/Desktop/Indi_Research/Firmware/majority_sys.vhf \
      PB ieee/std_logic_1164 1381692176 PB ieee/NUMERIC_STD 1381692181 LB UNISIM \
      PH unisim/VCOMPONENTS 1381692182
AR work/majority_logic_MUSER_majority_sys/BEHAVIORAL 1479634049 \
      FL /home/ameya/Desktop/Indi_Research/Firmware/majority_sys.vhf \
      EN work/majority_logic_MUSER_majority_sys 1479634048 CP AND2 CP AND3 CP AND4 \
      CP OR4 CP OR6_HXILINX_majority_sys CP demux
EN work/trigger_ch_MUSER_majority_sys 1479634050 \
      FL /home/ameya/Desktop/Indi_Research/Firmware/majority_sys.vhf \
      PB ieee/std_logic_1164 1381692176 PB ieee/NUMERIC_STD 1381692181 LB UNISIM \
      PH unisim/VCOMPONENTS 1381692182
AR work/trigger_ch_MUSER_majority_sys/BEHAVIORAL 1479634051 \
      FL /home/ameya/Desktop/Indi_Research/Firmware/majority_sys.vhf \
      EN work/trigger_ch_MUSER_majority_sys 1479634050 CP OR2 CP AND3 CP AND4 CP INV \
      CP AND2 CP OR3
EN work/majority_sys 1479634052 \
      FL /home/ameya/Desktop/Indi_Research/Firmware/majority_sys.vhf \
      PB ieee/std_logic_1164 1381692176 PB ieee/NUMERIC_STD 1381692181 LB UNISIM \
      PH unisim/VCOMPONENTS 1381692182
AR work/majority_sys/BEHAVIORAL 1479634053 \
      FL /home/ameya/Desktop/Indi_Research/Firmware/majority_sys.vhf \
      EN work/majority_sys 1479634052 CP majority_logic_MUSER_majority_sys \
      CP trigger_ch_MUSER_majority_sys CP BUF
FL /home/ameya/Desktop/Indi_Research/Firmware/MEMORY_BLOCK_NEW.vhf 2016/11/20.01:21:52 P.20131013
EN work/MEMORY_BLOCK_NEW 1479634030 \
      FL /home/ameya/Desktop/Indi_Research/Firmware/MEMORY_BLOCK_NEW.vhf \
      PB ieee/std_logic_1164 1381692176 PB ieee/NUMERIC_STD 1381692181 LB UNISIM \
      PH unisim/VCOMPONENTS 1381692182
AR work/MEMORY_BLOCK_NEW/BEHAVIORAL 1479634031 \
      FL /home/ameya/Desktop/Indi_Research/Firmware/MEMORY_BLOCK_NEW.vhf \
      EN work/MEMORY_BLOCK_NEW 1479634030 CP mem_control_gen CP ram_fifo_1ch \
      CP STOP_mem_control_gen CP stop_ram_fifo_1ch
FL /home/ameya/Desktop/Indi_Research/Firmware/mem_control_gen.vhd 2016/11/18.13:21:30 P.20131013
EN work/mem_control_gen 1479633992 \
      FL /home/ameya/Desktop/Indi_Research/Firmware/mem_control_gen.vhd \
      PB ieee/std_logic_1164 1381692176 PB ieee/STD_LOGIC_UNSIGNED 1381692179
AR work/mem_control_gen/Behavioral 1479633993 \
      FL /home/ameya/Desktop/Indi_Research/Firmware/mem_control_gen.vhd \
      EN work/mem_control_gen 1479633992
FL /home/ameya/Desktop/Indi_Research/Firmware/psi_trigg.vhd 2016/11/20.00:47:41 P.20131013
EN work/psi_trigg 1479634008 \
      FL /home/ameya/Desktop/Indi_Research/Firmware/psi_trigg.vhd \
      PB ieee/std_logic_1164 1381692176
AR work/psi_trigg/Behavioral 1479634009 \
      FL /home/ameya/Desktop/Indi_Research/Firmware/psi_trigg.vhd \
      EN work/psi_trigg 1479634008
FL /home/ameya/Desktop/Indi_Research/Firmware/ram_fifo_1ch.vhd 2016/11/18.13:21:48 P.20131013
EN work/ram_fifo_1ch 1479633994 \
      FL /home/ameya/Desktop/Indi_Research/Firmware/ram_fifo_1ch.vhd \
      PB ieee/std_logic_1164 1381692176 PB ieee/STD_LOGIC_UNSIGNED 1381692179
AR work/ram_fifo_1ch/Behavioral 1479633995 \
      FL /home/ameya/Desktop/Indi_Research/Firmware/ram_fifo_1ch.vhd \
      EN work/ram_fifo_1ch 1479633994
FL /home/ameya/Desktop/Indi_Research/Firmware/stoplatch_SCH.vhf 2016/11/20.00:23:40 P.20131013
EN work/stoplatch_SCH 1479634054 \
      FL /home/ameya/Desktop/Indi_Research/Firmware/stoplatch_SCH.vhf \
      PB ieee/std_logic_1164 1381692176 PB ieee/NUMERIC_STD 1381692181 LB UNISIM \
      PH unisim/VCOMPONENTS 1381692182
AR work/stoplatch_SCH/BEHAVIORAL 1479634055 \
      FL /home/ameya/Desktop/Indi_Research/Firmware/stoplatch_SCH.vhf \
      EN work/stoplatch_SCH 1479634054 CP stop_latch CP FD CP OR5 CP FD_1
FL /home/ameya/Desktop/Indi_Research/Firmware/stop_gen_block.vhf 2016/11/20.00:23:41 P.20131013
EN work/OR6_HXILINX_stop_gen_block 1479634032 \
      FL /home/ameya/Desktop/Indi_Research/Firmware/stop_gen_block.vhf \
      PB ieee/std_logic_1164 1381692176
AR work/OR6_HXILINX_stop_gen_block/OR6_HXILINX_stop_gen_block_V 1479634033 \
      FL /home/ameya/Desktop/Indi_Research/Firmware/stop_gen_block.vhf \
      EN work/OR6_HXILINX_stop_gen_block 1479634032
EN work/stoplatch_SCH_MUSER_stop_gen_block 1479634034 \
      FL /home/ameya/Desktop/Indi_Research/Firmware/stop_gen_block.vhf \
      PB ieee/std_logic_1164 1381692176 PB ieee/NUMERIC_STD 1381692181 LB UNISIM \
      PH unisim/VCOMPONENTS 1381692182
AR work/stoplatch_SCH_MUSER_stop_gen_block/BEHAVIORAL 1479634035 \
      FL /home/ameya/Desktop/Indi_Research/Firmware/stop_gen_block.vhf \
      EN work/stoplatch_SCH_MUSER_stop_gen_block 1479634034 CP stop_latch CP FD \
      CP OR5 CP FD_1
EN work/majority_logic_MUSER_stop_gen_block 1479634036 \
      FL /home/ameya/Desktop/Indi_Research/Firmware/stop_gen_block.vhf \
      PB ieee/std_logic_1164 1381692176 PB ieee/NUMERIC_STD 1381692181 LB UNISIM \
      PH unisim/VCOMPONENTS 1381692182
AR work/majority_logic_MUSER_stop_gen_block/BEHAVIORAL 1479634037 \
      FL /home/ameya/Desktop/Indi_Research/Firmware/stop_gen_block.vhf \
      EN work/majority_logic_MUSER_stop_gen_block 1479634036 CP AND2 CP AND3 \
      CP AND4 CP OR4 CP OR6_HXILINX_stop_gen_block CP demux
EN work/trigger_ch_MUSER_stop_gen_block 1479634038 \
      FL /home/ameya/Desktop/Indi_Research/Firmware/stop_gen_block.vhf \
      PB ieee/std_logic_1164 1381692176 PB ieee/NUMERIC_STD 1381692181 LB UNISIM \
      PH unisim/VCOMPONENTS 1381692182
AR work/trigger_ch_MUSER_stop_gen_block/BEHAVIORAL 1479634039 \
      FL /home/ameya/Desktop/Indi_Research/Firmware/stop_gen_block.vhf \
      EN work/trigger_ch_MUSER_stop_gen_block 1479634038 CP OR2 CP AND3 CP AND4 \
      CP INV CP AND2 CP OR3
EN work/majority_sys_MUSER_stop_gen_block 1479634040 \
      FL /home/ameya/Desktop/Indi_Research/Firmware/stop_gen_block.vhf \
      PB ieee/std_logic_1164 1381692176 PB ieee/NUMERIC_STD 1381692181 LB UNISIM \
      PH unisim/VCOMPONENTS 1381692182
AR work/majority_sys_MUSER_stop_gen_block/BEHAVIORAL 1479634041 \
      FL /home/ameya/Desktop/Indi_Research/Firmware/stop_gen_block.vhf \
      EN work/majority_sys_MUSER_stop_gen_block 1479634040 \
      CP majority_logic_MUSER_stop_gen_block CP trigger_ch_MUSER_stop_gen_block \
      CP BUF
EN work/stop_gen_block 1479634042 \
      FL /home/ameya/Desktop/Indi_Research/Firmware/stop_gen_block.vhf \
      PB ieee/std_logic_1164 1381692176 PB ieee/NUMERIC_STD 1381692181 LB UNISIM \
      PH unisim/VCOMPONENTS 1381692182
AR work/stop_gen_block/BEHAVIORAL 1479634043 \
      FL /home/ameya/Desktop/Indi_Research/Firmware/stop_gen_block.vhf \
      EN work/stop_gen_block 1479634042 CP majority_sys_MUSER_stop_gen_block \
      CP SRL16 CP VCC CP GND CP stoplatch_SCH_MUSER_stop_gen_block CP BUF
FL /home/ameya/Desktop/Indi_Research/Firmware/stop_latch.vhd 2016/11/18.13:22:00 P.20131013
EN work/stop_latch 1479633990 \
      FL /home/ameya/Desktop/Indi_Research/Firmware/stop_latch.vhd \
      PB ieee/std_logic_1164 1381692176
AR work/stop_latch/Behavioral 1479633991 \
      FL /home/ameya/Desktop/Indi_Research/Firmware/stop_latch.vhd \
      EN work/stop_latch 1479633990
FL /home/ameya/Desktop/Indi_Research/Firmware/stop_mem_control_gen.vhd 2016/11/18.13:22:04 P.20131013
EN work/STOP_mem_control_gen 1479633996 \
      FL /home/ameya/Desktop/Indi_Research/Firmware/stop_mem_control_gen.vhd \
      PB ieee/std_logic_1164 1381692176 PB ieee/STD_LOGIC_UNSIGNED 1381692179
AR work/STOP_mem_control_gen/Behavioral 1479633997 \
      FL /home/ameya/Desktop/Indi_Research/Firmware/stop_mem_control_gen.vhd \
      EN work/STOP_mem_control_gen 1479633996
FL /home/ameya/Desktop/Indi_Research/Firmware/stop_ram_fifo_1ch.vhd 2016/11/18.13:22:06 P.20131013
EN work/stop_ram_fifo_1ch 1479633998 \
      FL /home/ameya/Desktop/Indi_Research/Firmware/stop_ram_fifo_1ch.vhd \
      PB ieee/std_logic_1164 1381692176 PB ieee/STD_LOGIC_UNSIGNED 1381692179
AR work/stop_ram_fifo_1ch/Behavioral 1479633999 \
      FL /home/ameya/Desktop/Indi_Research/Firmware/stop_ram_fifo_1ch.vhd \
      EN work/stop_ram_fifo_1ch 1479633998
FL /home/ameya/Desktop/Indi_Research/Firmware/Sync.vhf 2016/11/18.13:22:12 P.20131013
EN work/Sync 1479634044 FL /home/ameya/Desktop/Indi_Research/Firmware/Sync.vhf \
      PB ieee/std_logic_1164 1381692176 PB ieee/NUMERIC_STD 1381692181 LB UNISIM \
      PH unisim/VCOMPONENTS 1381692182
AR work/Sync/BEHAVIORAL 1479634045 \
      FL /home/ameya/Desktop/Indi_Research/Firmware/Sync.vhf EN work/Sync 1479634044 \
      CP FD_1
FL /home/ameya/Desktop/Indi_Research/Firmware/trigger_ch.vhf 2016/11/20.00:23:39 P.20131013
EN work/trigger_ch 1479634060 \
      FL /home/ameya/Desktop/Indi_Research/Firmware/trigger_ch.vhf \
      PB ieee/std_logic_1164 1381692176 PB ieee/NUMERIC_STD 1381692181 LB UNISIM \
      PH unisim/VCOMPONENTS 1381692182
AR work/trigger_ch/BEHAVIORAL 1479634061 \
      FL /home/ameya/Desktop/Indi_Research/Firmware/trigger_ch.vhf \
      EN work/trigger_ch 1479634060 CP OR2 CP AND3 CP AND4 CP INV CP AND2 CP OR3
FL /home/ameya/Desktop/Indi_Research/Firmware/trigg_comp.vhd 2016/11/20.01:18:49 P.20131013
EN work/trigg_comp 1479633986 \
      FL /home/ameya/Desktop/Indi_Research/Firmware/trigg_comp.vhd \
      PB ieee/std_logic_1164 1381692176 PB ieee/NUMERIC_STD 1381692181
AR work/trigg_comp/Behavioral 1479633987 \
      FL /home/ameya/Desktop/Indi_Research/Firmware/trigg_comp.vhd \
      EN work/trigg_comp 1479633986
FL "C:/Xilinx Projects/Firmware/clkgen_1M.vhd" 2014/12/01.03:14:12 P.20131013
FL "C:/Xilinx Projects/Firmware/CS_gen.vhd" 2014/12/01.02:54:54 P.20131013
FL "C:/Xilinx Projects/Firmware/dcm_clkgen.vhd" 2015/03/12.11:53:02 P.20131013
FL "C:/Xilinx Projects/Firmware/demux.vhd" 2014/04/23.19:18:30 P.20131013
FL "C:/Xilinx Projects/Firmware/Firmware_Top.vhf" 2015/03/12.11:52:55 P.20131013
FL "C:/Xilinx Projects/Firmware/majority_logic.vhf" 2015/03/12.11:52:55 P.20131013
FL "C:/Xilinx Projects/Firmware/majority_sys.vhf" 2015/03/12.11:52:57 P.20131013
FL "C:/Xilinx Projects/Firmware/MEMORY_BLOCK_NEW.vhf" 2015/03/12.11:52:56 P.20131013
FL "C:/Xilinx Projects/Firmware/mem_control_gen.vhd" 2014/12/01.03:45:18 P.20131013
FL "C:/Xilinx Projects/Firmware/ram_fifo_1ch.vhd" 2014/12/01.04:01:44 P.20131013
FL "C:/Xilinx Projects/Firmware/stoplatch_SCH.vhf" 2015/03/12.11:52:57 P.20131013
FL "C:/Xilinx Projects/Firmware/stop_gen_block.vhf" 2015/03/12.11:52:58 P.20131013
FL "C:/Xilinx Projects/Firmware/stop_latch.vhd" 2014/12/01.03:30:37 P.20131013
FL "C:/Xilinx Projects/Firmware/stop_mem_control_gen.vhd" 2014/08/31.15:35:43 P.20131013
FL "C:/Xilinx Projects/Firmware/stop_ram_fifo_1ch.vhd" 2014/09/02.12:13:24 P.20131013
FL "C:/Xilinx Projects/Firmware/Sync.vhf" 2015/03/12.11:52:56 P.20131013
FL "C:/Xilinx Projects/Firmware/trigger_ch.vhf" 2015/03/12.11:52:55 P.20131013
