Release 14.7 - xst P.20131013 (lin64)
Copyright (c) 1995-2013 Xilinx, Inc.  All rights reserved.
--> 
Parameter TMPDIR set to xst/projnav.tmp


Total REAL time to Xst completion: 0.00 secs
Total CPU time to Xst completion: 0.08 secs
 
--> 
Parameter xsthdpdir set to xst


Total REAL time to Xst completion: 0.00 secs
Total CPU time to Xst completion: 0.08 secs
 
--> 
Reading design: Firmware_Top.prj

TABLE OF CONTENTS
  1) Synthesis Options Summary
  2) HDL Compilation
  3) Design Hierarchy Analysis
  4) HDL Analysis
  5) HDL Synthesis
     5.1) HDL Synthesis Report
  6) Advanced HDL Synthesis
     6.1) Advanced HDL Synthesis Report
  7) Low Level Synthesis
  8) Partition Report
  9) Final Report
	9.1) Device utilization summary
	9.2) Partition Resource Summary
	9.3) TIMING REPORT


=========================================================================
*                      Synthesis Options Summary                        *
=========================================================================
---- Source Parameters
Input File Name                    : "Firmware_Top.prj"
Input Format                       : mixed
Ignore Synthesis Constraint File   : NO

---- Target Parameters
Output File Name                   : "Firmware_Top"
Output Format                      : NGC
Target Device                      : xc3s50an-4-tqg144

---- Source Options
Top Module Name                    : Firmware_Top
Automatic FSM Extraction           : YES
FSM Encoding Algorithm             : Auto
Safe Implementation                : No
FSM Style                          : LUT
RAM Extraction                     : Yes
RAM Style                          : Block
ROM Extraction                     : Yes
Mux Style                          : Auto
Decoder Extraction                 : YES
Priority Encoder Extraction        : Yes
Shift Register Extraction          : YES
Logical Shifter Extraction         : YES
XOR Collapsing                     : YES
ROM Style                          : Auto
Mux Extraction                     : Yes
Resource Sharing                   : YES
Asynchronous To Synchronous        : NO
Multiplier Style                   : Auto
Automatic Register Balancing       : No

---- Target Options
Add IO Buffers                     : YES
Global Maximum Fanout              : 500
Add Generic Clock Buffer(BUFG)     : 24
Register Duplication               : YES
Slice Packing                      : YES
Optimize Instantiated Primitives   : YES
Use Clock Enable                   : Yes
Use Synchronous Set                : Yes
Use Synchronous Reset              : Yes
Pack IO Registers into IOBs        : Auto
Equivalent register Removal        : YES

---- General Options
Optimization Goal                  : Speed
Optimization Effort                : 1
Keep Hierarchy                     : No
Netlist Hierarchy                  : As_Optimized
RTL Output                         : Yes
Global Optimization                : AllClockNets
Read Cores                         : YES
Write Timing Constraints           : NO
Cross Clock Analysis               : NO
Hierarchy Separator                : /
Bus Delimiter                      : <>
Case Specifier                     : Maintain
Slice Utilization Ratio            : 100
BRAM Utilization Ratio             : 100
Verilog 2001                       : YES
Auto BRAM Packing                  : YES
Slice Utilization Ratio Delta      : 5

=========================================================================


=========================================================================
*                          HDL Compilation                              *
=========================================================================
Compiling vhdl file "/home/ameya/Desktop/Indi_Research/Firmware/psi_trigg.vhd" in Library work.
Entity <psi_trigg> compiled.
Entity <psi_trigg> (Architecture <behavioral>) compiled.
Compiling vhdl file "/home/ameya/Desktop/Indi_Research/Firmware/demux.vhd" in Library work.
Architecture behavioral of Entity demux is up to date.
Compiling vhdl file "/home/ameya/Desktop/Indi_Research/Firmware/stop_latch.vhd" in Library work.
Architecture behavioral of Entity stop_latch is up to date.
Compiling vhdl file "/home/ameya/Desktop/Indi_Research/Firmware/cntr_trigg.vhd" in Library work.
Architecture behavioural of Entity cntr_trigg is up to date.
Compiling vhdl file "/home/ameya/Desktop/Indi_Research/Firmware/mem_control_gen.vhd" in Library work.
Architecture behavioral of Entity mem_control_gen is up to date.
Compiling vhdl file "/home/ameya/Desktop/Indi_Research/Firmware/ram_fifo_1ch.vhd" in Library work.
Architecture behavioral of Entity ram_fifo_1ch is up to date.
Compiling vhdl file "/home/ameya/Desktop/Indi_Research/Firmware/stop_mem_control_gen.vhd" in Library work.
Architecture behavioral of Entity stop_mem_control_gen is up to date.
Compiling vhdl file "/home/ameya/Desktop/Indi_Research/Firmware/stop_ram_fifo_1ch.vhd" in Library work.
Architecture behavioral of Entity stop_ram_fifo_1ch is up to date.
Compiling vhdl file "/home/ameya/Desktop/Indi_Research/Firmware/dcm_clkgen.vhd" in Library work.
Architecture behavioral of Entity dcm_clkgen is up to date.
Compiling vhdl file "/home/ameya/Desktop/Indi_Research/Firmware/clkgen_1M.vhd" in Library work.
Architecture behavioral of Entity clkgen_1m is up to date.
Compiling vhdl file "/home/ameya/Desktop/Indi_Research/Firmware/CS_gen.vhd" in Library work.
Architecture behavioral of Entity cs_gen is up to date.
Compiling vhdl file "/home/ameya/Desktop/Indi_Research/Firmware/top_psi_trigg.vhd" in Library work.
Architecture behavioral of Entity top_psi_trigg is up to date.
Compiling vhdl file "/home/ameya/Desktop/Indi_Research/Firmware/Firmware_Top.vhf" in Library work.
Architecture or6_hxilinx_firmware_top_v of Entity or6_hxilinx_firmware_top is up to date.
Architecture m2_1_hxilinx_firmware_top_v of Entity m2_1_hxilinx_firmware_top is up to date.
Architecture behavioral of Entity top_trigg_muser_firmware_top is up to date.
Architecture behavioral of Entity memory_block_new_muser_firmware_top is up to date.
Architecture behavioral of Entity stoplatch_sch_muser_firmware_top is up to date.
Architecture behavioral of Entity majority_logic_muser_firmware_top is up to date.
Architecture behavioral of Entity trigger_ch_muser_firmware_top is up to date.
Architecture behavioral of Entity majority_sys_muser_firmware_top is up to date.
Architecture behavioral of Entity stop_gen_block_muser_firmware_top is up to date.
Architecture behavioral of Entity sync_muser_firmware_top is up to date.
Architecture behavioral of Entity firmware_top is up to date.
Compiling vhdl file "/home/ameya/Desktop/Indi_Research/Firmware/MEMORY_BLOCK_NEW.vhf" in Library work.
Architecture behavioral of Entity memory_block_new is up to date.
Compiling vhdl file "/home/ameya/Desktop/Indi_Research/Firmware/stop_gen_block.vhf" in Library work.
Architecture or6_hxilinx_stop_gen_block_v of Entity or6_hxilinx_stop_gen_block is up to date.
Architecture behavioral of Entity stoplatch_sch_muser_stop_gen_block is up to date.
Architecture behavioral of Entity majority_logic_muser_stop_gen_block is up to date.
Architecture behavioral of Entity trigger_ch_muser_stop_gen_block is up to date.
Architecture behavioral of Entity majority_sys_muser_stop_gen_block is up to date.
Architecture behavioral of Entity stop_gen_block is up to date.
Compiling vhdl file "/home/ameya/Desktop/Indi_Research/Firmware/Sync.vhf" in Library work.
Architecture behavioral of Entity sync is up to date.
Compiling vhdl file "/home/ameya/Desktop/Indi_Research/Firmware/top_trigg.vhf" in Library work.
Architecture behavioral of Entity top_trigg is up to date.
Compiling vhdl file "/home/ameya/Desktop/Indi_Research/Firmware/majority_sys.vhf" in Library work.
Architecture or6_hxilinx_majority_sys_v of Entity or6_hxilinx_majority_sys is up to date.
Architecture behavioral of Entity majority_logic_muser_majority_sys is up to date.
Architecture behavioral of Entity trigger_ch_muser_majority_sys is up to date.
Architecture behavioral of Entity majority_sys is up to date.
Compiling vhdl file "/home/ameya/Desktop/Indi_Research/Firmware/stoplatch_SCH.vhf" in Library work.
Architecture behavioral of Entity stoplatch_sch is up to date.
Compiling vhdl file "/home/ameya/Desktop/Indi_Research/Firmware/majority_logic.vhf" in Library work.
Architecture or6_hxilinx_majority_logic_v of Entity or6_hxilinx_majority_logic is up to date.
Architecture behavioral of Entity majority_logic is up to date.
Compiling vhdl file "/home/ameya/Desktop/Indi_Research/Firmware/trigger_ch.vhf" in Library work.
Architecture behavioral of Entity trigger_ch is up to date.

=========================================================================
*                     Design Hierarchy Analysis                         *
=========================================================================
Analyzing hierarchy for entity <Firmware_Top> in library <work> (architecture <behavioral>).

Analyzing hierarchy for entity <dcm_clkgen> in library <work> (architecture <behavioral>).

Analyzing hierarchy for entity <clkgen_1M> in library <work> (architecture <behavioral>).

Analyzing hierarchy for entity <CS_gen> in library <work> (architecture <behavioral>).

Analyzing hierarchy for entity <M2_1_HXILINX_Firmware_Top> in library <work> (architecture <m2_1_hxilinx_firmware_top_v>).

Analyzing hierarchy for entity <Sync_MUSER_Firmware_Top> in library <work> (architecture <behavioral>).

Analyzing hierarchy for entity <MEMORY_BLOCK_NEW_MUSER_Firmware_Top> in library <work> (architecture <behavioral>).

Analyzing hierarchy for entity <stop_gen_block_MUSER_Firmware_Top> in library <work> (architecture <behavioral>).

Analyzing hierarchy for entity <top_psi_trigg> in library <work> (architecture <behavioral>) with generics.
	N = 32

Analyzing hierarchy for entity <top_trigg_MUSER_Firmware_Top> in library <work> (architecture <behavioral>).

Analyzing hierarchy for entity <mem_control_gen> in library <work> (architecture <behavioral>).

Analyzing hierarchy for entity <ram_fifo_1ch> in library <work> (architecture <behavioral>).

Analyzing hierarchy for entity <STOP_mem_control_gen> in library <work> (architecture <behavioral>).

Analyzing hierarchy for entity <stop_ram_fifo_1ch> in library <work> (architecture <behavioral>).

Analyzing hierarchy for entity <majority_sys_MUSER_Firmware_Top> in library <work> (architecture <behavioral>).

Analyzing hierarchy for entity <stoplatch_SCH_MUSER_Firmware_Top> in library <work> (architecture <behavioral>).

Analyzing hierarchy for entity <psi_trigg> in library <work> (architecture <behavioral>) with generics.
	N = 32

Analyzing hierarchy for entity <cntr_trigg> in library <work> (architecture <behavioural>) with generics.
	N = 32

Analyzing hierarchy for entity <majority_logic_MUSER_Firmware_Top> in library <work> (architecture <behavioral>).

Analyzing hierarchy for entity <trigger_ch_MUSER_Firmware_Top> in library <work> (architecture <behavioral>).

Analyzing hierarchy for entity <stop_latch> in library <work> (architecture <behavioral>).

Analyzing hierarchy for entity <OR6_HXILINX_Firmware_Top> in library <work> (architecture <or6_hxilinx_firmware_top_v>).

Analyzing hierarchy for entity <demux> in library <work> (architecture <behavioral>).


=========================================================================
*                            HDL Analysis                               *
=========================================================================
Analyzing Entity <Firmware_Top> in library <work> (Architecture <behavioral>).
WARNING:Xst:753 - "/home/ameya/Desktop/Indi_Research/Firmware/Firmware_Top.vhf" line 1599: Unconnected output port 'STATUS_OUT' of component 'dcm_clkgen'.
WARNING:Xst:753 - "/home/ameya/Desktop/Indi_Research/Firmware/Firmware_Top.vhf" line 1599: Unconnected output port 'LOCKED_OUT' of component 'dcm_clkgen'.
WARNING:Xst:753 - "/home/ameya/Desktop/Indi_Research/Firmware/Firmware_Top.vhf" line 1599: Unconnected output port 'CLKIN_IBUFG_OUT' of component 'dcm_clkgen'.
    Set user-defined property "HU_SET =  XLXI_11_3" for instance <XLXI_11> in unit <Firmware_Top>.
    Set user-defined property "HU_SET =  XLXI_12_2" for instance <XLXI_12> in unit <Firmware_Top>.
WARNING:Xst:754 - "/home/ameya/Desktop/Indi_Research/Firmware/Firmware_Top.vhf" line 1641: Unconnected inout port 'start_1' of component 'MEMORY_BLOCK_NEW_MUSER_Firmware_Top'.
WARNING:Xst:754 - "/home/ameya/Desktop/Indi_Research/Firmware/Firmware_Top.vhf" line 1641: Unconnected inout port 'start_2' of component 'MEMORY_BLOCK_NEW_MUSER_Firmware_Top'.
WARNING:Xst:754 - "/home/ameya/Desktop/Indi_Research/Firmware/Firmware_Top.vhf" line 1641: Unconnected inout port 'start_3' of component 'MEMORY_BLOCK_NEW_MUSER_Firmware_Top'.
WARNING:Xst:754 - "/home/ameya/Desktop/Indi_Research/Firmware/Firmware_Top.vhf" line 1641: Unconnected inout port 'start_4' of component 'MEMORY_BLOCK_NEW_MUSER_Firmware_Top'.
WARNING:Xst:754 - "/home/ameya/Desktop/Indi_Research/Firmware/Firmware_Top.vhf" line 1641: Unconnected inout port 'stop_start' of component 'MEMORY_BLOCK_NEW_MUSER_Firmware_Top'.
WARNING:Xst:753 - "/home/ameya/Desktop/Indi_Research/Firmware/Firmware_Top.vhf" line 1641: Unconnected output port 'address_1' of component 'MEMORY_BLOCK_NEW_MUSER_Firmware_Top'.
WARNING:Xst:753 - "/home/ameya/Desktop/Indi_Research/Firmware/Firmware_Top.vhf" line 1641: Unconnected output port 'done_1' of component 'MEMORY_BLOCK_NEW_MUSER_Firmware_Top'.
WARNING:Xst:753 - "/home/ameya/Desktop/Indi_Research/Firmware/Firmware_Top.vhf" line 1641: Unconnected output port 'full_1' of component 'MEMORY_BLOCK_NEW_MUSER_Firmware_Top'.
WARNING:Xst:753 - "/home/ameya/Desktop/Indi_Research/Firmware/Firmware_Top.vhf" line 1641: Unconnected output port 'wait_sig_1' of component 'MEMORY_BLOCK_NEW_MUSER_Firmware_Top'.
WARNING:Xst:753 - "/home/ameya/Desktop/Indi_Research/Firmware/Firmware_Top.vhf" line 1641: Unconnected output port 'address_3' of component 'MEMORY_BLOCK_NEW_MUSER_Firmware_Top'.
WARNING:Xst:753 - "/home/ameya/Desktop/Indi_Research/Firmware/Firmware_Top.vhf" line 1641: Unconnected output port 'address_2' of component 'MEMORY_BLOCK_NEW_MUSER_Firmware_Top'.
WARNING:Xst:753 - "/home/ameya/Desktop/Indi_Research/Firmware/Firmware_Top.vhf" line 1641: Unconnected output port 'address_4' of component 'MEMORY_BLOCK_NEW_MUSER_Firmware_Top'.
WARNING:Xst:753 - "/home/ameya/Desktop/Indi_Research/Firmware/Firmware_Top.vhf" line 1641: Unconnected output port 'done_2' of component 'MEMORY_BLOCK_NEW_MUSER_Firmware_Top'.
WARNING:Xst:753 - "/home/ameya/Desktop/Indi_Research/Firmware/Firmware_Top.vhf" line 1641: Unconnected output port 'full_2' of component 'MEMORY_BLOCK_NEW_MUSER_Firmware_Top'.
WARNING:Xst:753 - "/home/ameya/Desktop/Indi_Research/Firmware/Firmware_Top.vhf" line 1641: Unconnected output port 'wait_sig_2' of component 'MEMORY_BLOCK_NEW_MUSER_Firmware_Top'.
WARNING:Xst:753 - "/home/ameya/Desktop/Indi_Research/Firmware/Firmware_Top.vhf" line 1641: Unconnected output port 'done_3' of component 'MEMORY_BLOCK_NEW_MUSER_Firmware_Top'.
WARNING:Xst:753 - "/home/ameya/Desktop/Indi_Research/Firmware/Firmware_Top.vhf" line 1641: Unconnected output port 'full_3' of component 'MEMORY_BLOCK_NEW_MUSER_Firmware_Top'.
WARNING:Xst:753 - "/home/ameya/Desktop/Indi_Research/Firmware/Firmware_Top.vhf" line 1641: Unconnected output port 'wait_sig_3' of component 'MEMORY_BLOCK_NEW_MUSER_Firmware_Top'.
WARNING:Xst:753 - "/home/ameya/Desktop/Indi_Research/Firmware/Firmware_Top.vhf" line 1641: Unconnected output port 'done_4' of component 'MEMORY_BLOCK_NEW_MUSER_Firmware_Top'.
WARNING:Xst:753 - "/home/ameya/Desktop/Indi_Research/Firmware/Firmware_Top.vhf" line 1641: Unconnected output port 'wait_sig_4' of component 'MEMORY_BLOCK_NEW_MUSER_Firmware_Top'.
WARNING:Xst:753 - "/home/ameya/Desktop/Indi_Research/Firmware/Firmware_Top.vhf" line 1641: Unconnected output port 'stop_address' of component 'MEMORY_BLOCK_NEW_MUSER_Firmware_Top'.
WARNING:Xst:753 - "/home/ameya/Desktop/Indi_Research/Firmware/Firmware_Top.vhf" line 1641: Unconnected output port 'stop_wait' of component 'MEMORY_BLOCK_NEW_MUSER_Firmware_Top'.
    Set user-defined property "DRIVE =  12" for instance <XLXI_31> in unit <Firmware_Top>.
    Set user-defined property "IOSTANDARD =  DEFAULT" for instance <XLXI_31> in unit <Firmware_Top>.
    Set user-defined property "SLEW =  SLOW" for instance <XLXI_31> in unit <Firmware_Top>.
    Set user-defined property "HU_SET =  XLXI_103_4" for instance <XLXI_103> in unit <Firmware_Top>.
    Set user-defined property "HU_SET =  XLXI_132_5" for instance <XLXI_132> in unit <Firmware_Top>.
    Set user-defined property "HU_SET =  XLXI_133_6" for instance <XLXI_133> in unit <Firmware_Top>.
    Set user-defined property "HU_SET =  XLXI_134_7" for instance <XLXI_134> in unit <Firmware_Top>.
    Set user-defined property "HU_SET =  XLXI_135_8" for instance <XLXI_135> in unit <Firmware_Top>.
    Set user-defined property "HU_SET =  XLXI_136_9" for instance <XLXI_136> in unit <Firmware_Top>.
    Set user-defined property "HU_SET =  XLXI_137_10" for instance <XLXI_137> in unit <Firmware_Top>.
    Set user-defined property "HU_SET =  XLXI_138_11" for instance <XLXI_138> in unit <Firmware_Top>.
Entity <Firmware_Top> analyzed. Unit <Firmware_Top> generated.

Analyzing Entity <dcm_clkgen> in library <work> (Architecture <behavioral>).
    Set user-defined property "CAPACITANCE =  DONT_CARE" for instance <CLKIN_IBUFG_INST> in unit <dcm_clkgen>.
    Set user-defined property "IBUF_DELAY_VALUE =  0" for instance <CLKIN_IBUFG_INST> in unit <dcm_clkgen>.
    Set user-defined property "IBUF_LOW_PWR =  TRUE" for instance <CLKIN_IBUFG_INST> in unit <dcm_clkgen>.
    Set user-defined property "IOSTANDARD =  DEFAULT" for instance <CLKIN_IBUFG_INST> in unit <dcm_clkgen>.
    Set user-defined property "CLKDV_DIVIDE =  4.0000000000000000" for instance <DCM_SP_INST> in unit <dcm_clkgen>.
    Set user-defined property "CLKFX_DIVIDE =  1" for instance <DCM_SP_INST> in unit <dcm_clkgen>.
    Set user-defined property "CLKFX_MULTIPLY =  4" for instance <DCM_SP_INST> in unit <dcm_clkgen>.
    Set user-defined property "CLKIN_DIVIDE_BY_2 =  FALSE" for instance <DCM_SP_INST> in unit <dcm_clkgen>.
    Set user-defined property "CLKIN_PERIOD =  12.5000000000000000" for instance <DCM_SP_INST> in unit <dcm_clkgen>.
    Set user-defined property "CLKOUT_PHASE_SHIFT =  NONE" for instance <DCM_SP_INST> in unit <dcm_clkgen>.
    Set user-defined property "CLK_FEEDBACK =  1X" for instance <DCM_SP_INST> in unit <dcm_clkgen>.
    Set user-defined property "DESKEW_ADJUST =  SYSTEM_SYNCHRONOUS" for instance <DCM_SP_INST> in unit <dcm_clkgen>.
    Set user-defined property "DFS_FREQUENCY_MODE =  LOW" for instance <DCM_SP_INST> in unit <dcm_clkgen>.
    Set user-defined property "DLL_FREQUENCY_MODE =  LOW" for instance <DCM_SP_INST> in unit <dcm_clkgen>.
    Set user-defined property "DSS_MODE =  NONE" for instance <DCM_SP_INST> in unit <dcm_clkgen>.
    Set user-defined property "DUTY_CYCLE_CORRECTION =  TRUE" for instance <DCM_SP_INST> in unit <dcm_clkgen>.
    Set user-defined property "FACTORY_JF =  C080" for instance <DCM_SP_INST> in unit <dcm_clkgen>.
    Set user-defined property "PHASE_SHIFT =  0" for instance <DCM_SP_INST> in unit <dcm_clkgen>.
    Set user-defined property "STARTUP_WAIT =  FALSE" for instance <DCM_SP_INST> in unit <dcm_clkgen>.
Entity <dcm_clkgen> analyzed. Unit <dcm_clkgen> generated.

Analyzing Entity <clkgen_1M> in library <work> (Architecture <behavioral>).
Entity <clkgen_1M> analyzed. Unit <clkgen_1M> generated.

Analyzing Entity <CS_gen> in library <work> (Architecture <behavioral>).
WARNING:Xst:819 - "/home/ameya/Desktop/Indi_Research/Firmware/CS_gen.vhd" line 80: One or more signals are missing in the process sensitivity list. To enable synthesis of FPGA/CPLD hardware, XST will assume that all necessary signals are present in the sensitivity list. Please note that the result of the synthesis may differ from the initial design specification. The missing signals are:
   <clk_1M>, <clk_20M>
WARNING:Xst:819 - "/home/ameya/Desktop/Indi_Research/Firmware/CS_gen.vhd" line 99: One or more signals are missing in the process sensitivity list. To enable synthesis of FPGA/CPLD hardware, XST will assume that all necessary signals are present in the sensitivity list. Please note that the result of the synthesis may differ from the initial design specification. The missing signals are:
   <clk_1M>
Entity <CS_gen> analyzed. Unit <CS_gen> generated.

Analyzing Entity <M2_1_HXILINX_Firmware_Top> in library <work> (Architecture <m2_1_hxilinx_firmware_top_v>).
Entity <M2_1_HXILINX_Firmware_Top> analyzed. Unit <M2_1_HXILINX_Firmware_Top> generated.

Analyzing Entity <Sync_MUSER_Firmware_Top> in library <work> (Architecture <behavioral>).
    Set user-defined property "INIT =  0" for instance <XLXI_8> in unit <Sync_MUSER_Firmware_Top>.
    Set user-defined property "INIT =  0" for instance <XLXI_11> in unit <Sync_MUSER_Firmware_Top>.
    Set user-defined property "INIT =  0" for instance <XLXI_18> in unit <Sync_MUSER_Firmware_Top>.
    Set user-defined property "INIT =  0" for instance <XLXI_19> in unit <Sync_MUSER_Firmware_Top>.
Entity <Sync_MUSER_Firmware_Top> analyzed. Unit <Sync_MUSER_Firmware_Top> generated.

Analyzing Entity <MEMORY_BLOCK_NEW_MUSER_Firmware_Top> in library <work> (Architecture <behavioral>).
Entity <MEMORY_BLOCK_NEW_MUSER_Firmware_Top> analyzed. Unit <MEMORY_BLOCK_NEW_MUSER_Firmware_Top> generated.

Analyzing Entity <mem_control_gen> in library <work> (Architecture <behavioral>).
Entity <mem_control_gen> analyzed. Unit <mem_control_gen> generated.

Analyzing Entity <ram_fifo_1ch> in library <work> (Architecture <behavioral>).
    Set property "ram_style = block" for signal <RAM>.
Entity <ram_fifo_1ch> analyzed. Unit <ram_fifo_1ch> generated.

Analyzing Entity <STOP_mem_control_gen> in library <work> (Architecture <behavioral>).
INFO:Xst:1561 - "/home/ameya/Desktop/Indi_Research/Firmware/stop_mem_control_gen.vhd" line 81: Mux is complete : default of case is discarded
Entity <STOP_mem_control_gen> analyzed. Unit <STOP_mem_control_gen> generated.

Analyzing Entity <stop_ram_fifo_1ch> in library <work> (Architecture <behavioral>).
    Set property "ram_style = block" for signal <RAM>.
Entity <stop_ram_fifo_1ch> analyzed. Unit <stop_ram_fifo_1ch> generated.

Analyzing Entity <stop_gen_block_MUSER_Firmware_Top> in library <work> (Architecture <behavioral>).
    Set user-defined property "INIT =  0000" for instance <XLXI_6> in unit <stop_gen_block_MUSER_Firmware_Top>.
    Set user-defined property "INIT =  0000" for instance <XLXI_7> in unit <stop_gen_block_MUSER_Firmware_Top>.
Entity <stop_gen_block_MUSER_Firmware_Top> analyzed. Unit <stop_gen_block_MUSER_Firmware_Top> generated.

Analyzing Entity <majority_sys_MUSER_Firmware_Top> in library <work> (Architecture <behavioral>).
Entity <majority_sys_MUSER_Firmware_Top> analyzed. Unit <majority_sys_MUSER_Firmware_Top> generated.

Analyzing Entity <majority_logic_MUSER_Firmware_Top> in library <work> (Architecture <behavioral>).
    Set user-defined property "HU_SET =  XLXI_13_0" for instance <XLXI_13> in unit <majority_logic_MUSER_Firmware_Top>.
    Set user-defined property "HU_SET =  XLXI_26_1" for instance <XLXI_26> in unit <majority_logic_MUSER_Firmware_Top>.
Entity <majority_logic_MUSER_Firmware_Top> analyzed. Unit <majority_logic_MUSER_Firmware_Top> generated.

Analyzing Entity <OR6_HXILINX_Firmware_Top> in library <work> (Architecture <or6_hxilinx_firmware_top_v>).
Entity <OR6_HXILINX_Firmware_Top> analyzed. Unit <OR6_HXILINX_Firmware_Top> generated.

Analyzing Entity <demux> in library <work> (Architecture <behavioral>).
Entity <demux> analyzed. Unit <demux> generated.

Analyzing Entity <trigger_ch_MUSER_Firmware_Top> in library <work> (Architecture <behavioral>).
Entity <trigger_ch_MUSER_Firmware_Top> analyzed. Unit <trigger_ch_MUSER_Firmware_Top> generated.

Analyzing Entity <stoplatch_SCH_MUSER_Firmware_Top> in library <work> (Architecture <behavioral>).
    Set user-defined property "INIT =  0" for instance <XLXI_32> in unit <stoplatch_SCH_MUSER_Firmware_Top>.
    Set user-defined property "INIT =  0" for instance <XLXI_33> in unit <stoplatch_SCH_MUSER_Firmware_Top>.
    Set user-defined property "INIT =  0" for instance <XLXI_49> in unit <stoplatch_SCH_MUSER_Firmware_Top>.
Entity <stoplatch_SCH_MUSER_Firmware_Top> analyzed. Unit <stoplatch_SCH_MUSER_Firmware_Top> generated.

Analyzing Entity <stop_latch> in library <work> (Architecture <behavioral>).
Entity <stop_latch> analyzed. Unit <stop_latch> generated.

Analyzing generic Entity <top_psi_trigg> in library <work> (Architecture <behavioral>).
	N = 32
Entity <top_psi_trigg> analyzed. Unit <top_psi_trigg> generated.

Analyzing generic Entity <psi_trigg> in library <work> (Architecture <behavioral>).
	N = 32
Entity <psi_trigg> analyzed. Unit <psi_trigg> generated.

Analyzing Entity <top_trigg_MUSER_Firmware_Top> in library <work> (Architecture <behavioral>).
Entity <top_trigg_MUSER_Firmware_Top> analyzed. Unit <top_trigg_MUSER_Firmware_Top> generated.

Analyzing generic Entity <cntr_trigg> in library <work> (Architecture <behavioural>).
	N = 32
Entity <cntr_trigg> analyzed. Unit <cntr_trigg> generated.


=========================================================================
*                           HDL Synthesis                               *
=========================================================================

Performing bidirectional port resolution...

Synthesizing Unit <clkgen_1M>.
    Related source file is "/home/ameya/Desktop/Indi_Research/Firmware/clkgen_1M.vhd".
    Found 4-bit up counter for signal <counter>.
    Found 1-bit register for signal <temporal>.
    Summary:
	inferred   1 Counter(s).
	inferred   1 D-type flip-flop(s).
Unit <clkgen_1M> synthesized.


Synthesizing Unit <CS_gen>.
    Related source file is "/home/ameya/Desktop/Indi_Research/Firmware/CS_gen.vhd".
    Found 1-bit register for signal <enable1>.
    Found 1-bit register for signal <enable2>.
    Summary:
	inferred   2 D-type flip-flop(s).
Unit <CS_gen> synthesized.


Synthesizing Unit <M2_1_HXILINX_Firmware_Top>.
    Related source file is "/home/ameya/Desktop/Indi_Research/Firmware/Firmware_Top.vhf".
Unit <M2_1_HXILINX_Firmware_Top> synthesized.


Synthesizing Unit <mem_control_gen>.
    Related source file is "/home/ameya/Desktop/Indi_Research/Firmware/mem_control_gen.vhd".
    Found 12-bit register for signal <addr>.
    Found 12-bit adder for signal <addr$addsub0000> created at line 71.
    Found 1-bit register for signal <done_f>.
    Found 1-bit register for signal <full_f>.
    Found 12-bit comparator less for signal <full_f$cmp_lt0000> created at line 70.
    Found 1-bit register for signal <wait_f>.
    Summary:
	inferred  15 D-type flip-flop(s).
	inferred   1 Adder/Subtractor(s).
	inferred   1 Comparator(s).
Unit <mem_control_gen> synthesized.


Synthesizing Unit <ram_fifo_1ch>.
    Related source file is "/home/ameya/Desktop/Indi_Research/Firmware/ram_fifo_1ch.vhd".
    Found 4096x1-bit single-port RAM <Mram_RAM> for signal <RAM>.
    Found 1-bit register for signal <do>.
    Summary:
	inferred   1 RAM(s).
	inferred   1 D-type flip-flop(s).
Unit <ram_fifo_1ch> synthesized.


Synthesizing Unit <STOP_mem_control_gen>.
    Related source file is "/home/ameya/Desktop/Indi_Research/Firmware/stop_mem_control_gen.vhd".
    Found 8-bit register for signal <addr>.
    Found 8-bit adder for signal <addr$addsub0000> created at line 65.
    Found 1-bit register for signal <done_f>.
    Found 1-bit register for signal <full_f>.
    Found 8-bit comparator less for signal <full_f$cmp_lt0000> created at line 64.
    Found 1-bit register for signal <wait_f>.
    Summary:
	inferred  11 D-type flip-flop(s).
	inferred   1 Adder/Subtractor(s).
	inferred   1 Comparator(s).
Unit <STOP_mem_control_gen> synthesized.


Synthesizing Unit <stop_ram_fifo_1ch>.
    Related source file is "/home/ameya/Desktop/Indi_Research/Firmware/stop_ram_fifo_1ch.vhd".
    Found 256x1-bit single-port RAM <Mram_RAM> for signal <RAM>.
    Found 1-bit register for signal <do>.
    Summary:
	inferred   1 RAM(s).
	inferred   1 D-type flip-flop(s).
Unit <stop_ram_fifo_1ch> synthesized.


Synthesizing Unit <OR6_HXILINX_Firmware_Top>.
    Related source file is "/home/ameya/Desktop/Indi_Research/Firmware/Firmware_Top.vhf".
Unit <OR6_HXILINX_Firmware_Top> synthesized.


Synthesizing Unit <demux>.
    Related source file is "/home/ameya/Desktop/Indi_Research/Firmware/demux.vhd".
    Found 1-bit register for signal <cout0>.
    Found 1-bit register for signal <cout1>.
    Found 1-bit register for signal <cout2>.
    Found 1-bit register for signal <cout3>.
    Summary:
	inferred   4 D-type flip-flop(s).
Unit <demux> synthesized.


Synthesizing Unit <stop_latch>.
    Related source file is "/home/ameya/Desktop/Indi_Research/Firmware/stop_latch.vhd".
WARNING:Xst:647 - Input <clk> is never used. This port will be preserved and left unconnected if it belongs to a top-level block or it belongs to a sub-block and the hierarchy of this sub-block is preserved.
    Found 1-bit register for signal <enable_stop>.
    Summary:
	inferred   1 D-type flip-flop(s).
Unit <stop_latch> synthesized.


Synthesizing Unit <psi_trigg>.
    Related source file is "/home/ameya/Desktop/Indi_Research/Firmware/psi_trigg.vhd".
    Found 32-bit register for signal <buffer_reg>.
    Found 32-bit comparator greatequal for signal <buffer_reg_4$cmp_ge0000> created at line 83.
    Found 1-bit register for signal <conv_flag>.
    Found 1-bit register for signal <data>.
    Found 32-bit up counter for signal <i>.
    Summary:
	inferred   1 Counter(s).
	inferred  34 D-type flip-flop(s).
	inferred   1 Comparator(s).
Unit <psi_trigg> synthesized.


Synthesizing Unit <cntr_trigg>.
    Related source file is "/home/ameya/Desktop/Indi_Research/Firmware/cntr_trigg.vhd".
    Found 32-bit register for signal <q>.
    Found 27-bit up counter for signal <count_local>.
    Found 32-bit register for signal <count_trigg>.
    Found 32-bit adder for signal <count_trigg$addsub0000> created at line 91.
    Found 27-bit comparator less for signal <count_trigg$cmp_lt0000> created at line 87.
    Found 1-bit register for signal <flag>.
    Found 27-bit comparator greatequal for signal <flag$cmp_ge0000> created at line 87.
    Summary:
	inferred   1 Counter(s).
	inferred  65 D-type flip-flop(s).
	inferred   1 Adder/Subtractor(s).
	inferred   2 Comparator(s).
Unit <cntr_trigg> synthesized.


Synthesizing Unit <dcm_clkgen>.
    Related source file is "/home/ameya/Desktop/Indi_Research/Firmware/dcm_clkgen.vhd".
Unit <dcm_clkgen> synthesized.


Synthesizing Unit <Sync_MUSER_Firmware_Top>.
    Related source file is "/home/ameya/Desktop/Indi_Research/Firmware/Firmware_Top.vhf".
Unit <Sync_MUSER_Firmware_Top> synthesized.


Synthesizing Unit <MEMORY_BLOCK_NEW_MUSER_Firmware_Top>.
    Related source file is "/home/ameya/Desktop/Indi_Research/Firmware/Firmware_Top.vhf".
Unit <MEMORY_BLOCK_NEW_MUSER_Firmware_Top> synthesized.


Synthesizing Unit <top_psi_trigg>.
    Related source file is "/home/ameya/Desktop/Indi_Research/Firmware/top_psi_trigg.vhd".
Unit <top_psi_trigg> synthesized.


Synthesizing Unit <top_trigg_MUSER_Firmware_Top>.
    Related source file is "/home/ameya/Desktop/Indi_Research/Firmware/Firmware_Top.vhf".
Unit <top_trigg_MUSER_Firmware_Top> synthesized.


Synthesizing Unit <stoplatch_SCH_MUSER_Firmware_Top>.
    Related source file is "/home/ameya/Desktop/Indi_Research/Firmware/Firmware_Top.vhf".
Unit <stoplatch_SCH_MUSER_Firmware_Top> synthesized.


Synthesizing Unit <majority_logic_MUSER_Firmware_Top>.
    Related source file is "/home/ameya/Desktop/Indi_Research/Firmware/Firmware_Top.vhf".
Unit <majority_logic_MUSER_Firmware_Top> synthesized.


Synthesizing Unit <trigger_ch_MUSER_Firmware_Top>.
    Related source file is "/home/ameya/Desktop/Indi_Research/Firmware/Firmware_Top.vhf".
Unit <trigger_ch_MUSER_Firmware_Top> synthesized.


Synthesizing Unit <majority_sys_MUSER_Firmware_Top>.
    Related source file is "/home/ameya/Desktop/Indi_Research/Firmware/Firmware_Top.vhf".
Unit <majority_sys_MUSER_Firmware_Top> synthesized.


Synthesizing Unit <stop_gen_block_MUSER_Firmware_Top>.
    Related source file is "/home/ameya/Desktop/Indi_Research/Firmware/Firmware_Top.vhf".
Unit <stop_gen_block_MUSER_Firmware_Top> synthesized.


Synthesizing Unit <Firmware_Top>.
    Related source file is "/home/ameya/Desktop/Indi_Research/Firmware/Firmware_Top.vhf".
Unit <Firmware_Top> synthesized.


=========================================================================
HDL Synthesis Report

Macro Statistics
# RAMs                                                 : 5
 256x1-bit single-port RAM                             : 1
 4096x1-bit single-port RAM                            : 4
# Adders/Subtractors                                   : 13
 12-bit adder                                          : 4
 32-bit adder                                          : 8
 8-bit adder                                           : 1
# Counters                                             : 17
 27-bit up counter                                     : 8
 32-bit up counter                                     : 8
 4-bit up counter                                      : 1
# Registers                                            : 329
 1-bit register                                        : 308
 12-bit register                                       : 4
 32-bit register                                       : 16
 8-bit register                                        : 1
# Comparators                                          : 29
 12-bit comparator less                                : 4
 27-bit comparator greatequal                          : 8
 27-bit comparator less                                : 8
 32-bit comparator greatequal                          : 8
 8-bit comparator less                                 : 1

=========================================================================

=========================================================================
*                       Advanced HDL Synthesis                          *
=========================================================================


Synthesizing (advanced) Unit <ram_fifo_1ch>.
INFO:Xst:3226 - The RAM <Mram_RAM> will be implemented as a BLOCK RAM, absorbing the following register(s): <do>
    -----------------------------------------------------------------------
    | ram_type           | Block                               |          |
    -----------------------------------------------------------------------
    | Port A                                                              |
    |     aspect ratio   | 4096-word x 1-bit                   |          |
    |     mode           | read-first                          |          |
    |     clkA           | connected to signal <clk>           | rise     |
    |     weA            | connected to signal <we_0>          | high     |
    |     addrA          | connected to signal <addr>          |          |
    |     diA            | connected to signal <di>            |          |
    |     doA            | connected to signal <do>            |          |
    |     dorstA         | connected to signal <en>            | low      |
    | reset value        | 0                                              |
    -----------------------------------------------------------------------
    | optimization       | speed                               |          |
    -----------------------------------------------------------------------
Unit <ram_fifo_1ch> synthesized (advanced).

Synthesizing (advanced) Unit <stop_ram_fifo_1ch>.
INFO:Xst:3226 - The RAM <Mram_RAM> will be implemented as a BLOCK RAM, absorbing the following register(s): <do>
    -----------------------------------------------------------------------
    | ram_type           | Block                               |          |
    -----------------------------------------------------------------------
    | Port A                                                              |
    |     aspect ratio   | 256-word x 1-bit                    |          |
    |     mode           | read-first                          |          |
    |     clkA           | connected to signal <clk>           | rise     |
    |     weA            | connected to signal <we_0>          | high     |
    |     addrA          | connected to signal <addr>          |          |
    |     diA            | connected to signal <di>            |          |
    |     doA            | connected to signal <do>            |          |
    |     dorstA         | connected to signal <en>            | low      |
    | reset value        | 0                                              |
    -----------------------------------------------------------------------
    | optimization       | speed                               |          |
    -----------------------------------------------------------------------
Unit <stop_ram_fifo_1ch> synthesized (advanced).

=========================================================================
Advanced HDL Synthesis Report

Macro Statistics
# RAMs                                                 : 5
 256x1-bit single-port block RAM                       : 1
 4096x1-bit single-port block RAM                      : 4
# Adders/Subtractors                                   : 13
 12-bit adder                                          : 4
 32-bit adder                                          : 8
 8-bit adder                                           : 1
# Counters                                             : 17
 27-bit up counter                                     : 8
 32-bit up counter                                     : 8
 4-bit up counter                                      : 1
# Registers                                            : 878
 Flip-Flops                                            : 878
# Comparators                                          : 29
 12-bit comparator less                                : 4
 27-bit comparator greatequal                          : 8
 27-bit comparator less                                : 8
 32-bit comparator greatequal                          : 8
 8-bit comparator less                                 : 1

=========================================================================

=========================================================================
*                         Low Level Synthesis                           *
=========================================================================
INFO:Xst:2697 - Unit <MEMORY_BLOCK_NEW_MUSER_Firmware_Top> : the RAMs <XLXI_2/Mram_RAM>, <XLXI_11/Mram_RAM> are packed into the single block RAM <XLXI_2/Mram_RAM1>
INFO:Xst:2697 - Unit <MEMORY_BLOCK_NEW_MUSER_Firmware_Top> : the RAMs <XLXI_14/Mram_RAM>, <XLXI_23/Mram_RAM> are packed into the single block RAM <XLXI_14/Mram_RAM1>

Optimizing unit <Firmware_Top> ...

Optimizing unit <M2_1_HXILINX_Firmware_Top> ...

Optimizing unit <OR6_HXILINX_Firmware_Top> ...

Optimizing unit <mem_control_gen> ...

Optimizing unit <STOP_mem_control_gen> ...

Optimizing unit <psi_trigg> ...

Optimizing unit <cntr_trigg> ...

Optimizing unit <trigger_ch_MUSER_Firmware_Top> ...

Optimizing unit <MEMORY_BLOCK_NEW_MUSER_Firmware_Top> ...

Optimizing unit <top_psi_trigg> ...

Optimizing unit <top_trigg_MUSER_Firmware_Top> ...

Optimizing unit <majority_logic_MUSER_Firmware_Top> ...

Mapping all equations...
Building and optimizing final netlist ...
Found area constraint ratio of 100 (+ 5) on block Firmware_Top, actual ratio is 153.
Optimizing block <Firmware_Top> to meet ratio 100 (+ 5) of 704 slices :
WARNING:Xst:2254 - Area constraint could not be met for block <Firmware_Top>, final ratio is 152.

Final Macro Processing ...

Processing Unit <Firmware_Top> :
	Found 3-bit shift register for signal <XLXI_18/XLXI_19>.
Unit <Firmware_Top> processed.

=========================================================================
Final Register Report

Macro Statistics
# Registers                                            : 1351
 Flip-Flops                                            : 1351
# Shift Registers                                      : 1
 3-bit shift register                                  : 1

=========================================================================

=========================================================================
*                           Partition Report                            *
=========================================================================

Partition Implementation Status
-------------------------------

  No Partitions were found in this design.

-------------------------------

=========================================================================
*                            Final Report                               *
=========================================================================
Final Results
RTL Top Level Output File Name     : Firmware_Top.ngr
Top Level Output File Name         : Firmware_Top
Output Format                      : NGC
Optimization Goal                  : Speed
Keep Hierarchy                     : No

Design Statistics
# IOs                              : 38

Cell Usage :
# BELS                             : 3514
#      AND2                        : 1
#      AND3                        : 4
#      AND4                        : 1
#      BUF                         : 3
#      GND                         : 1
#      INV                         : 64
#      LUT1                        : 580
#      LUT2                        : 325
#      LUT2_L                      : 8
#      LUT3                        : 342
#      LUT3_L                      : 1
#      LUT4                        : 426
#      LUT4_D                      : 2
#      MUXCY                       : 968
#      MUXF5                       : 8
#      OR4                         : 1
#      OR5                         : 2
#      VCC                         : 1
#      XORCY                       : 776
# FlipFlops/Latches                : 1352
#      FD                          : 2
#      FD_1                        : 3
#      FDC                         : 3
#      FDCE                        : 1256
#      FDCE_1                      : 71
#      FDE                         : 9
#      FDR                         : 8
# RAMS                             : 3
#      RAMB16BWE                   : 3
# Shift Registers                  : 3
#      SRL16                       : 2
#      SRL16_1                     : 1
# Clock Buffers                    : 7
#      BUFG                        : 7
# IO Buffers                       : 39
#      IBUF                        : 23
#      IBUFG                       : 3
#      OBUF                        : 12
#      OBUFT                       : 1
# DCMs                             : 1
#      DCM_SP                      : 1
=========================================================================

Device utilization summary:
---------------------------

Selected Device : 3s50antqg144-4 

 Number of Slices:                     1078  out of    704   153% (*) 
 Number of Slice Flip Flops:           1352  out of   1408    96%  
 Number of 4 input LUTs:               1751  out of   1408   124% (*) 
    Number used as logic:              1748
    Number used as Shift registers:       3
 Number of IOs:                          38
 Number of bonded IOBs:                  38  out of    108    35%  
 Number of BRAMs:                         3  out of      3   100%  
 Number of GCLKs:                         7  out of     24    29%  
 Number of DCMs:                          1  out of      2    50%  

WARNING:Xst:1336 -  (*) More than 100% of Device resources are used

---------------------------
Partition Resource Summary:
---------------------------

  No Partitions were found in this design.

---------------------------


=========================================================================
TIMING REPORT

NOTE: THESE TIMING NUMBERS ARE ONLY A SYNTHESIS ESTIMATE.
      FOR ACCURATE TIMING INFORMATION PLEASE REFER TO THE TRACE REPORT
      GENERATED AFTER PLACE-and-ROUTE.

Clock Information:
------------------
-----------------------------------+-----------------------------------------+-------+
Clock Signal                       | Clock buffer(FF name)                   | Load  |
-----------------------------------+-----------------------------------------+-------+
clk                                | XLXI_2/DCM_SP_INST:CLKDV                | 5     |
clk                                | XLXI_2/DCM_SP_INST:CLK0                 | 744   |
XLXI_38/XLXN_121                   | NONE(XLXI_38/XLXI_27/XLXI_1/enable_stop)| 1     |
clk                                | XLXI_2/DCM_SP_INST:CLK2X                | 2     |
XLXI_18/XLXI_19                    | NONE(XLXI_5/enable2)                    | 2     |
XLXI_12/O(XLXI_12/O1:O)            | NONE(*)(XLXI_21/XLXI_25/wait_f)         | 12    |
XLXI_11/O1(XLXI_11/O1:O)           | BUFG(*)(XLXI_21/XLXI_1/wait_f)          | 590   |
XLXI_18/XLXI_8                     | NONE(XLXI_18/Mshreg_XLXI_19)            | 2     |
-----------------------------------+-----------------------------------------+-------+
(*) These 2 clock signal(s) are generated by combinatorial logic,
and XST is not able to identify which are the primary clock signals.
Please use the CLOCK_SIGNAL constraint to specify the clock signal(s) generated by combinatorial logic.
INFO:Xst:2169 - HDL ADVISOR - Some clock signals were not automatically buffered by XST with BUFG/BUFR resources. Please use the buffer_type constraint in order to insert these buffers to the clock signals to help prevent skew problems.

Asynchronous Control Signals Information:
----------------------------------------
-----------------------------------------------------------------------+-----------------------------------------+-------+
Control Signal                                                         | Buffer(FF name)                         | Load  |
-----------------------------------------------------------------------+-----------------------------------------+-------+
rst                                                                    | IBUFG+BUFG                              | 799   |
XLXI_131/psi1/buffer_reg_4_or0000(XLXI_131/psi1/buffer_reg_4_or00001:O)| NONE(XLXI_131/psi1/buffer_reg_0)        | 66    |
XLXI_131/psi2/buffer_reg_4_or0000(XLXI_131/psi2/buffer_reg_4_or00001:O)| NONE(XLXI_131/psi2/buffer_reg_0)        | 66    |
XLXI_131/psi3/buffer_reg_4_or0000(XLXI_131/psi3/buffer_reg_4_or00001:O)| NONE(XLXI_131/psi3/buffer_reg_0)        | 66    |
XLXI_131/psi4/buffer_reg_4_or0000(XLXI_131/psi4/buffer_reg_4_or00001:O)| NONE(XLXI_131/psi4/buffer_reg_0)        | 66    |
XLXI_131/psi5/buffer_reg_4_or0000(XLXI_131/psi5/buffer_reg_4_or00001:O)| NONE(XLXI_131/psi5/buffer_reg_0)        | 66    |
XLXI_131/psi6/buffer_reg_4_or0000(XLXI_131/psi6/buffer_reg_4_or00001:O)| NONE(XLXI_131/psi6/buffer_reg_0)        | 66    |
XLXI_131/psi7/buffer_reg_4_or0000(XLXI_131/psi7/buffer_reg_4_or00001:O)| NONE(XLXI_131/psi7/buffer_reg_0)        | 66    |
XLXI_131/psi8/buffer_reg_4_or0000(XLXI_131/psi8/buffer_reg_4_or00001:O)| NONE(XLXI_131/psi8/buffer_reg_0)        | 66    |
XLXI_38/XLXI_27/XLXI_49(XLXI_38/XLXI_27/XLXI_49:Q)                     | NONE(XLXI_38/XLXI_27/XLXI_1/enable_stop)| 1     |
XLXI_5/enable1_or0000(XLXI_5/enable1_or00001:O)                        | NONE(XLXI_5/enable1)                    | 1     |
XLXI_5/enable2_or0000(XLXI_5/enable2_or00001:O)                        | NONE(XLXI_5/enable2)                    | 1     |
-----------------------------------------------------------------------+-----------------------------------------+-------+

Timing Summary:
---------------
Speed Grade: -4

   Minimum period: 9.590ns (Maximum Frequency: 104.275MHz)
   Minimum input arrival time before clock: 8.386ns
   Maximum output required time after clock: 14.580ns
   Maximum combinational path delay: 13.146ns

Timing Detail:
--------------
All values displayed in nanoseconds (ns)

=========================================================================
Timing constraint: Default period analysis for Clock 'clk'
  Clock period: 9.590ns (frequency: 104.275MHz)
  Total number of paths / destination ports: 76358 / 1270
-------------------------------------------------------------------------
Delay:               9.590ns (Levels of Logic = 39)
  Source:            XLXI_139/XLXI_1/count_local_10 (FF)
  Destination:       XLXI_139/XLXI_1/count_local_26 (FF)
  Source Clock:      clk rising
  Destination Clock: clk rising

  Data Path: XLXI_139/XLXI_1/count_local_10 to XLXI_139/XLXI_1/count_local_26
                                Gate     Net
    Cell:in->out      fanout   Delay   Delay  Logical Name (Net Name)
    ----------------------------------------  ------------
     FDCE:C->Q             2   0.591   0.590  XLXI_139/XLXI_1/count_local_10 (XLXI_139/XLXI_1/count_local_10)
     LUT1:I0->O            1   0.648   0.000  XLXI_139/XLXI_1/Mcompar_count_trigg_cmp_lt0000_cy<0>_rt (XLXI_139/XLXI_1/Mcompar_count_trigg_cmp_lt0000_cy<0>_rt)
     MUXCY:S->O            1   0.632   0.000  XLXI_139/XLXI_1/Mcompar_count_trigg_cmp_lt0000_cy<0> (XLXI_139/XLXI_1/Mcompar_count_trigg_cmp_lt0000_cy<0>)
     MUXCY:CI->O           1   0.065   0.000  XLXI_139/XLXI_1/Mcompar_count_trigg_cmp_lt0000_cy<1> (XLXI_139/XLXI_1/Mcompar_count_trigg_cmp_lt0000_cy<1>)
     MUXCY:CI->O           1   0.065   0.000  XLXI_139/XLXI_1/Mcompar_count_trigg_cmp_lt0000_cy<2> (XLXI_139/XLXI_1/Mcompar_count_trigg_cmp_lt0000_cy<2>)
     MUXCY:CI->O           1   0.065   0.000  XLXI_139/XLXI_1/Mcompar_count_trigg_cmp_lt0000_cy<3> (XLXI_139/XLXI_1/Mcompar_count_trigg_cmp_lt0000_cy<3>)
     MUXCY:CI->O           1   0.065   0.000  XLXI_139/XLXI_1/Mcompar_count_trigg_cmp_lt0000_cy<4> (XLXI_139/XLXI_1/Mcompar_count_trigg_cmp_lt0000_cy<4>)
     MUXCY:CI->O           1   0.065   0.000  XLXI_139/XLXI_1/Mcompar_count_trigg_cmp_lt0000_cy<5> (XLXI_139/XLXI_1/Mcompar_count_trigg_cmp_lt0000_cy<5>)
     MUXCY:CI->O           1   0.065   0.000  XLXI_139/XLXI_1/Mcompar_count_trigg_cmp_lt0000_cy<6> (XLXI_139/XLXI_1/Mcompar_count_trigg_cmp_lt0000_cy<6>)
     MUXCY:CI->O           1   0.065   0.000  XLXI_139/XLXI_1/Mcompar_count_trigg_cmp_lt0000_cy<7> (XLXI_139/XLXI_1/Mcompar_count_trigg_cmp_lt0000_cy<7>)
     MUXCY:CI->O           1   0.269   0.452  XLXI_139/XLXI_1/Mcompar_count_trigg_cmp_lt0000_cy<8> (XLXI_139/XLXI_1/Mcompar_count_trigg_cmp_lt0000_cy<8>)
     LUT3:I2->O           63   0.648   1.304  XLXI_139/XLXI_1/Mcompar_count_trigg_cmp_lt0000_cy<10>1 (XLXI_139/XLXI_1/Mcompar_count_trigg_cmp_lt0000_cy<10>)
     LUT3:I2->O            1   0.648   0.000  XLXI_139/XLXI_1/Mcount_count_local_lut<0> (XLXI_139/XLXI_1/Mcount_count_local_lut<0>)
     MUXCY:S->O            1   0.632   0.000  XLXI_139/XLXI_1/Mcount_count_local_cy<0> (XLXI_139/XLXI_1/Mcount_count_local_cy<0>)
     MUXCY:CI->O           1   0.065   0.000  XLXI_139/XLXI_1/Mcount_count_local_cy<1> (XLXI_139/XLXI_1/Mcount_count_local_cy<1>)
     MUXCY:CI->O           1   0.065   0.000  XLXI_139/XLXI_1/Mcount_count_local_cy<2> (XLXI_139/XLXI_1/Mcount_count_local_cy<2>)
     MUXCY:CI->O           1   0.065   0.000  XLXI_139/XLXI_1/Mcount_count_local_cy<3> (XLXI_139/XLXI_1/Mcount_count_local_cy<3>)
     MUXCY:CI->O           1   0.065   0.000  XLXI_139/XLXI_1/Mcount_count_local_cy<4> (XLXI_139/XLXI_1/Mcount_count_local_cy<4>)
     MUXCY:CI->O           1   0.065   0.000  XLXI_139/XLXI_1/Mcount_count_local_cy<5> (XLXI_139/XLXI_1/Mcount_count_local_cy<5>)
     MUXCY:CI->O           1   0.065   0.000  XLXI_139/XLXI_1/Mcount_count_local_cy<6> (XLXI_139/XLXI_1/Mcount_count_local_cy<6>)
     MUXCY:CI->O           1   0.065   0.000  XLXI_139/XLXI_1/Mcount_count_local_cy<7> (XLXI_139/XLXI_1/Mcount_count_local_cy<7>)
     MUXCY:CI->O           1   0.065   0.000  XLXI_139/XLXI_1/Mcount_count_local_cy<8> (XLXI_139/XLXI_1/Mcount_count_local_cy<8>)
     MUXCY:CI->O           1   0.065   0.000  XLXI_139/XLXI_1/Mcount_count_local_cy<9> (XLXI_139/XLXI_1/Mcount_count_local_cy<9>)
     MUXCY:CI->O           1   0.065   0.000  XLXI_139/XLXI_1/Mcount_count_local_cy<10> (XLXI_139/XLXI_1/Mcount_count_local_cy<10>)
     MUXCY:CI->O           1   0.065   0.000  XLXI_139/XLXI_1/Mcount_count_local_cy<11> (XLXI_139/XLXI_1/Mcount_count_local_cy<11>)
     MUXCY:CI->O           1   0.065   0.000  XLXI_139/XLXI_1/Mcount_count_local_cy<12> (XLXI_139/XLXI_1/Mcount_count_local_cy<12>)
     MUXCY:CI->O           1   0.065   0.000  XLXI_139/XLXI_1/Mcount_count_local_cy<13> (XLXI_139/XLXI_1/Mcount_count_local_cy<13>)
     MUXCY:CI->O           1   0.065   0.000  XLXI_139/XLXI_1/Mcount_count_local_cy<14> (XLXI_139/XLXI_1/Mcount_count_local_cy<14>)
     MUXCY:CI->O           1   0.065   0.000  XLXI_139/XLXI_1/Mcount_count_local_cy<15> (XLXI_139/XLXI_1/Mcount_count_local_cy<15>)
     MUXCY:CI->O           1   0.065   0.000  XLXI_139/XLXI_1/Mcount_count_local_cy<16> (XLXI_139/XLXI_1/Mcount_count_local_cy<16>)
     MUXCY:CI->O           1   0.065   0.000  XLXI_139/XLXI_1/Mcount_count_local_cy<17> (XLXI_139/XLXI_1/Mcount_count_local_cy<17>)
     MUXCY:CI->O           1   0.065   0.000  XLXI_139/XLXI_1/Mcount_count_local_cy<18> (XLXI_139/XLXI_1/Mcount_count_local_cy<18>)
     MUXCY:CI->O           1   0.065   0.000  XLXI_139/XLXI_1/Mcount_count_local_cy<19> (XLXI_139/XLXI_1/Mcount_count_local_cy<19>)
     MUXCY:CI->O           1   0.065   0.000  XLXI_139/XLXI_1/Mcount_count_local_cy<20> (XLXI_139/XLXI_1/Mcount_count_local_cy<20>)
     MUXCY:CI->O           1   0.065   0.000  XLXI_139/XLXI_1/Mcount_count_local_cy<21> (XLXI_139/XLXI_1/Mcount_count_local_cy<21>)
     MUXCY:CI->O           1   0.065   0.000  XLXI_139/XLXI_1/Mcount_count_local_cy<22> (XLXI_139/XLXI_1/Mcount_count_local_cy<22>)
     MUXCY:CI->O           1   0.065   0.000  XLXI_139/XLXI_1/Mcount_count_local_cy<23> (XLXI_139/XLXI_1/Mcount_count_local_cy<23>)
     MUXCY:CI->O           1   0.065   0.000  XLXI_139/XLXI_1/Mcount_count_local_cy<24> (XLXI_139/XLXI_1/Mcount_count_local_cy<24>)
     MUXCY:CI->O           0   0.065   0.000  XLXI_139/XLXI_1/Mcount_count_local_cy<25> (XLXI_139/XLXI_1/Mcount_count_local_cy<25>)
     XORCY:CI->O           1   0.844   0.000  XLXI_139/XLXI_1/Mcount_count_local_xor<26> (XLXI_139/XLXI_1/Mcount_count_local26)
     FDCE:D                    0.252          XLXI_139/XLXI_1/count_local_26
    ----------------------------------------
    Total                      9.590ns (7.244ns logic, 2.346ns route)
                                       (75.5% logic, 24.5% route)

=========================================================================
Timing constraint: Default period analysis for Clock 'XLXI_12/O'
  Clock period: 7.562ns (frequency: 132.240MHz)
  Total number of paths / destination ports: 87 / 25
-------------------------------------------------------------------------
Delay:               3.781ns (Levels of Logic = 1)
  Source:            XLXI_21/XLXI_25/wait_f (FF)
  Destination:       XLXI_21/XLXI_26/Mram_RAM (RAM)
  Source Clock:      XLXI_12/O falling
  Destination Clock: XLXI_12/O rising

  Data Path: XLXI_21/XLXI_25/wait_f to XLXI_21/XLXI_26/Mram_RAM
                                Gate     Net
    Cell:in->out      fanout   Delay   Delay  Logical Name (Net Name)
    ----------------------------------------  ------------
     FDCE_1:C->Q          13   0.591   1.063  XLXI_21/XLXI_25/wait_f (XLXI_21/XLXI_25/wait_f)
     LUT2:I1->O            4   0.643   0.587  XLXI_21/XLXI_26/we1 (XLXI_21/XLXI_26/we_0)
     RAMB16BWE:WEA0            0.897          XLXI_21/XLXI_26/Mram_RAM
    ----------------------------------------
    Total                      3.781ns (2.131ns logic, 1.650ns route)
                                       (56.4% logic, 43.6% route)

=========================================================================
Timing constraint: Default period analysis for Clock 'XLXI_11/O1'
  Clock period: 8.442ns (frequency: 118.455MHz)
  Total number of paths / destination ports: 36609 / 1180
-------------------------------------------------------------------------
Delay:               4.221ns (Levels of Logic = 1)
  Source:            XLXI_21/XLXI_22/wait_f (FF)
  Destination:       XLXI_21/XLXI_14/Mram_RAM1 (RAM)
  Source Clock:      XLXI_11/O1 falling
  Destination Clock: XLXI_11/O1 rising

  Data Path: XLXI_21/XLXI_22/wait_f to XLXI_21/XLXI_14/Mram_RAM1
                                Gate     Net
    Cell:in->out      fanout   Delay   Delay  Logical Name (Net Name)
    ----------------------------------------  ------------
     FDCE_1:C->Q          18   0.591   1.148  XLXI_21/XLXI_22/wait_f (XLXI_21/XLXI_22/wait_f)
     LUT2:I1->O            4   0.643   0.587  XLXI_21/XLXI_23/we1 (XLXI_21/XLXI_23/we_0)
     RAMB16BWE:WEB0            1.252          XLXI_21/XLXI_14/Mram_RAM1
    ----------------------------------------
    Total                      4.221ns (2.486ns logic, 1.735ns route)
                                       (58.9% logic, 41.1% route)

=========================================================================
Timing constraint: Default period analysis for Clock 'XLXI_18/XLXI_8'
  Clock period: 3.781ns (frequency: 264.480MHz)
  Total number of paths / destination ports: 1 / 1
-------------------------------------------------------------------------
Delay:               3.781ns (Levels of Logic = 0)
  Source:            XLXI_18/Mshreg_XLXI_19 (FF)
  Destination:       XLXI_18/XLXI_19 (FF)
  Source Clock:      XLXI_18/XLXI_8 falling
  Destination Clock: XLXI_18/XLXI_8 falling

  Data Path: XLXI_18/Mshreg_XLXI_19 to XLXI_18/XLXI_19
                                Gate     Net
    Cell:in->out      fanout   Delay   Delay  Logical Name (Net Name)
    ----------------------------------------  ------------
     SRL16_1:CLK->Q        1   3.529   0.000  XLXI_18/Mshreg_XLXI_19 (XLXI_18/Mshreg_XLXI_19)
     FD_1:D                    0.252          XLXI_18/XLXI_19
    ----------------------------------------
    Total                      3.781ns (3.781ns logic, 0.000ns route)
                                       (100.0% logic, 0.0% route)

=========================================================================
Timing constraint: Default OFFSET IN BEFORE for Clock 'clk'
  Total number of paths / destination ports: 1137 / 754
-------------------------------------------------------------------------
Offset:              8.386ns (Levels of Logic = 9)
  Source:            diff_select_M (PAD)
  Destination:       XLXI_38/XLXI_6 (FF)
  Destination Clock: clk rising 2.0X

  Data Path: diff_select_M to XLXI_38/XLXI_6
                                Gate     Net
    Cell:in->out      fanout   Delay   Delay  Logical Name (Net Name)
    ----------------------------------------  ------------
     IBUF:I->O            13   0.849   1.015  diff_select_M_IBUF (diff_select_M_IBUF)
     LUT4:I2->O            5   0.648   0.665  XLXI_38/XLXI_2/XLXI_3/XLXI_94 (XLXI_38/XLXI_2/XLXN_20)
     LUT4:I2->O            1   0.648   0.563  XLXI_38/XLXI_2/XLXI_2/XLXI_4 (XLXI_38/XLXI_2/XLXI_2/XLXN_10)
     begin scope: 'XLXI_38/XLXI_2/XLXI_2/XLXI_13'
     LUT3:I0->O            1   0.648   0.423  O_SW0 (N01)
     LUT4:I3->O            1   0.648   0.420  O (O)
     end scope: 'XLXI_38/XLXI_2/XLXI_2/XLXI_13'
     AND3:I2->O            1   0.648   0.563  XLXI_38/XLXI_2/XLXI_2/XLXI_28 (XLXI_38/XLXI_2/XLXI_2/XLXN_66)
     begin scope: 'XLXI_38/XLXI_2/XLXI_2/XLXI_26'
     LUT4:I0->O            1   0.648   0.000  O (O)
     end scope: 'XLXI_38/XLXI_2/XLXI_2/XLXI_26'
     SRL16:D                  -0.064          XLXI_38/XLXI_6
    ----------------------------------------
    Total                      8.386ns (4.737ns logic, 3.649ns route)
                                       (56.5% logic, 43.5% route)

=========================================================================
Timing constraint: Default OFFSET IN BEFORE for Clock 'XLXI_12/O'
  Total number of paths / destination ports: 13 / 13
-------------------------------------------------------------------------
Offset:              7.600ns (Levels of Logic = 5)
  Source:            rst (PAD)
  Destination:       XLXI_21/XLXI_25/done_f (FF)
  Destination Clock: XLXI_12/O falling

  Data Path: rst to XLXI_21/XLXI_25/done_f
                                Gate     Net
    Cell:in->out      fanout   Delay   Delay  Logical Name (Net Name)
    ----------------------------------------  ------------
     IBUFG:I->O            1   1.070   0.420  rst_IBUFG (rst_IBUFG)
     BUFG:I->O           824   0.221   1.410  XLXI_37 (trigg_rst)
     OR5:I4->O            77   0.648   1.308  XLXI_38/XLXI_27/XLXI_48 (stop_SST_OBUF)
     LUT4_D:I2->O          1   0.648   0.500  XLXI_21/XLXI_25/done_f_not000111 (XLXI_21/XLXI_25/N13)
     LUT2:I1->O            1   0.643   0.420  XLXI_21/XLXI_25/done_f_not00012 (XLXI_21/XLXI_25/done_f_not0001)
     FDCE_1:CE                 0.312          XLXI_21/XLXI_25/done_f
    ----------------------------------------
    Total                      7.600ns (3.542ns logic, 4.058ns route)
                                       (46.6% logic, 53.4% route)

=========================================================================
Timing constraint: Default OFFSET IN BEFORE for Clock 'XLXI_11/O1'
  Total number of paths / destination ports: 603 / 600
-------------------------------------------------------------------------
Offset:              6.500ns (Levels of Logic = 4)
  Source:            rst (PAD)
  Destination:       XLXI_21/XLXI_1/full_f (FF)
  Destination Clock: XLXI_11/O1 falling

  Data Path: rst to XLXI_21/XLXI_1/full_f
                                Gate     Net
    Cell:in->out      fanout   Delay   Delay  Logical Name (Net Name)
    ----------------------------------------  ------------
     IBUFG:I->O            1   1.070   0.420  rst_IBUFG (rst_IBUFG)
     BUFG:I->O           824   0.221   1.410  XLXI_37 (trigg_rst)
     OR5:I4->O            77   0.648   1.356  XLXI_38/XLXI_27/XLXI_48 (stop_SST_OBUF)
     LUT4:I1->O            1   0.643   0.420  XLXI_21/XLXI_22/full_f_not00011 (XLXI_21/XLXI_22/full_f_not0001)
     FDCE_1:CE                 0.312          XLXI_21/XLXI_22/full_f
    ----------------------------------------
    Total                      6.500ns (2.894ns logic, 3.606ns route)
                                       (44.5% logic, 55.5% route)

=========================================================================
Timing constraint: Default OFFSET OUT AFTER for Clock 'XLXI_12/O'
  Total number of paths / destination ports: 4 / 2
-------------------------------------------------------------------------
Offset:              14.580ns (Levels of Logic = 5)
  Source:            XLXI_21/XLXI_26/Mram_RAM (RAM)
  Destination:       SPI_MISO (PAD)
  Source Clock:      XLXI_12/O rising

  Data Path: XLXI_21/XLXI_26/Mram_RAM to SPI_MISO
                                Gate     Net
    Cell:in->out      fanout   Delay   Delay  Logical Name (Net Name)
    ----------------------------------------  ------------
     RAMB16BWE:CLKA->DOA0    1   2.489   0.420  XLXI_21/XLXI_26/Mram_RAM (stop_data)
     OR5:I0->O             1   0.648   0.420  XLXI_23 (or_data)
     OBUFT:I->O                4.520          XLXI_31 (XLXN_522)
     begin scope: 'XLXI_103'
     LUT3:I1->O            1   0.643   0.420  O1 (O)
     end scope: 'XLXI_103'
     OBUF:I->O                 4.520          SPI_MISO_OBUF (SPI_MISO)
    ----------------------------------------
    Total                     14.580ns (13.320ns logic, 1.260ns route)
                                       (91.4% logic, 8.6% route)

=========================================================================
Timing constraint: Default OFFSET OUT AFTER for Clock 'XLXI_11/O1'
  Total number of paths / destination ports: 21 / 3
-------------------------------------------------------------------------
Offset:              14.580ns (Levels of Logic = 5)
  Source:            XLXI_21/XLXI_14/Mram_RAM1 (RAM)
  Destination:       SPI_MISO (PAD)
  Source Clock:      XLXI_11/O1 rising

  Data Path: XLXI_21/XLXI_14/Mram_RAM1 to SPI_MISO
                                Gate     Net
    Cell:in->out      fanout   Delay   Delay  Logical Name (Net Name)
    ----------------------------------------  ------------
     RAMB16BWE:CLKA->DOA0    1   2.489   0.420  XLXI_21/XLXI_14/Mram_RAM1 (data_2)
     OR5:I2->O             1   0.648   0.420  XLXI_23 (or_data)
     OBUFT:I->O                4.520          XLXI_31 (XLXN_522)
     begin scope: 'XLXI_103'
     LUT3:I1->O            1   0.643   0.420  O1 (O)
     end scope: 'XLXI_103'
     OBUF:I->O                 4.520          SPI_MISO_OBUF (SPI_MISO)
    ----------------------------------------
    Total                     14.580ns (13.320ns logic, 1.260ns route)
                                       (91.4% logic, 8.6% route)

=========================================================================
Timing constraint: Default OFFSET OUT AFTER for Clock 'XLXI_18/XLXI_8'
  Total number of paths / destination ports: 2 / 2
-------------------------------------------------------------------------
Offset:              6.982ns (Levels of Logic = 2)
  Source:            XLXI_18/XLXI_19 (FF)
  Destination:       CS_n (PAD)
  Source Clock:      XLXI_18/XLXI_8 falling

  Data Path: XLXI_18/XLXI_19 to CS_n
                                Gate     Net
    Cell:in->out      fanout   Delay   Delay  Logical Name (Net Name)
    ----------------------------------------  ------------
     FD_1:C->Q             5   0.591   0.776  XLXI_18/XLXI_19 (XLXI_18/XLXI_19)
     LUT3:I0->O            2   0.648   0.447  XLXI_5/SST_rck1 (CS_n_OBUF)
     OBUF:I->O                 4.520          CS_n_OBUF (CS_n)
    ----------------------------------------
    Total                      6.982ns (5.759ns logic, 1.223ns route)
                                       (82.5% logic, 17.5% route)

=========================================================================
Timing constraint: Default OFFSET OUT AFTER for Clock 'XLXI_18/XLXI_19'
  Total number of paths / destination ports: 3 / 3
-------------------------------------------------------------------------
Offset:              6.841ns (Levels of Logic = 2)
  Source:            XLXI_5/enable1 (FF)
  Destination:       ADC_clk (PAD)
  Source Clock:      XLXI_18/XLXI_19 rising

  Data Path: XLXI_5/enable1 to ADC_clk
                                Gate     Net
    Cell:in->out      fanout   Delay   Delay  Logical Name (Net Name)
    ----------------------------------------  ------------
     FDC:C->Q              4   0.591   0.667  XLXI_5/enable1 (XLXI_5/enable1)
     LUT3:I1->O            1   0.643   0.420  XLXI_5/ADC_clk1 (ADC_clk_OBUF)
     OBUF:I->O                 4.520          ADC_clk_OBUF (ADC_clk)
    ----------------------------------------
    Total                      6.841ns (5.754ns logic, 1.087ns route)
                                       (84.1% logic, 15.9% route)

=========================================================================
Timing constraint: Default OFFSET OUT AFTER for Clock 'XLXI_38/XLXN_121'
  Total number of paths / destination ports: 1 / 1
-------------------------------------------------------------------------
Offset:              7.455ns (Levels of Logic = 2)
  Source:            XLXI_38/XLXI_27/XLXI_1/enable_stop (FF)
  Destination:       stop_SST (PAD)
  Source Clock:      XLXI_38/XLXN_121 rising

  Data Path: XLXI_38/XLXI_27/XLXI_1/enable_stop to stop_SST
                                Gate     Net
    Cell:in->out      fanout   Delay   Delay  Logical Name (Net Name)
    ----------------------------------------  ------------
     FDC:C->Q              1   0.591   0.420  XLXI_38/XLXI_27/XLXI_1/enable_stop (XLXI_38/XLXI_27/XLXI_1/enable_stop)
     OR5:I0->O            77   0.648   1.276  XLXI_38/XLXI_27/XLXI_48 (stop_SST_OBUF)
     OBUF:I->O                 4.520          stop_SST_OBUF (stop_SST)
    ----------------------------------------
    Total                      7.455ns (5.759ns logic, 1.696ns route)
                                       (77.2% logic, 22.8% route)

=========================================================================
Timing constraint: Default OFFSET OUT AFTER for Clock 'clk'
  Total number of paths / destination ports: 4 / 2
-------------------------------------------------------------------------
Offset:              7.482ns (Levels of Logic = 2)
  Source:            XLXI_38/XLXI_27/XLXI_49 (FF)
  Destination:       stop_SST (PAD)
  Source Clock:      clk falling

  Data Path: XLXI_38/XLXI_27/XLXI_49 to stop_SST
                                Gate     Net
    Cell:in->out      fanout   Delay   Delay  Logical Name (Net Name)
    ----------------------------------------  ------------
     FD_1:C->Q             2   0.591   0.447  XLXI_38/XLXI_27/XLXI_49 (XLXI_38/XLXI_27/XLXI_49)
     OR5:I1->O            77   0.648   1.276  XLXI_38/XLXI_27/XLXI_48 (stop_SST_OBUF)
     OBUF:I->O                 4.520          stop_SST_OBUF (stop_SST)
    ----------------------------------------
    Total                      7.482ns (5.759ns logic, 1.723ns route)
                                       (77.0% logic, 23.0% route)

=========================================================================
Timing constraint: Default path analysis
  Total number of paths / destination ports: 10 / 9
-------------------------------------------------------------------------
Delay:               13.146ns (Levels of Logic = 6)
  Source:            re (PAD)
  Destination:       SPI_MISO (PAD)

  Data Path: re to SPI_MISO
                                Gate     Net
    Cell:in->out      fanout   Delay   Delay  Logical Name (Net Name)
    ----------------------------------------  ------------
     IBUF:I->O             7   0.849   0.851  re_IBUF (re_IBUF)
     LUT2:I0->O            1   0.648   0.420  XLXI_32 (tri_ctrl)
     OBUFT:T->O                4.295          XLXI_31 (XLXN_522)
     begin scope: 'XLXI_103'
     LUT3:I1->O            1   0.643   0.420  O1 (O)
     end scope: 'XLXI_103'
     OBUF:I->O                 4.520          SPI_MISO_OBUF (SPI_MISO)
    ----------------------------------------
    Total                     13.146ns (11.455ns logic, 1.691ns route)
                                       (87.1% logic, 12.9% route)

=========================================================================


Total REAL time to Xst completion: 46.00 secs
Total CPU time to Xst completion: 19.96 secs
 
--> 


Total memory usage is 568620 kilobytes

Number of errors   :    0 (   0 filtered)
Number of warnings :   30 (   0 filtered)
Number of infos    :    6 (   0 filtered)

